Archive member included to satisfy reference by file (symbol)

C:/Users/Bobby/.pico-sdk/toolchain/13_2_Rel1/bin/../lib/gcc/arm-none-eabi/13.2.1/thumb/v6-m/nofp\libgcc.a(_dvmd_tls.o)
                              CMakeFiles/eeprom_programmer.dir/C_/Users/Bobby/.pico-sdk/sdk/2.0.0/src/rp2_common/pico_divider/divider_hardware.S.obj (__aeabi_idiv0)
C:/Users/Bobby/.pico-sdk/toolchain/13_2_Rel1/bin/../lib/gcc/arm-none-eabi/13.2.1/thumb/v6-m/nofp\libg.a(libc_a-calloc.o)
                              CMakeFiles/eeprom_programmer.dir/C_/Users/Bobby/.pico-sdk/sdk/2.0.0/src/rp2_common/pico_malloc/malloc.c.obj (calloc)
C:/Users/Bobby/.pico-sdk/toolchain/13_2_Rel1/bin/../lib/gcc/arm-none-eabi/13.2.1/thumb/v6-m/nofp\libg.a(libc_a-callocr.o)
                              C:/Users/Bobby/.pico-sdk/toolchain/13_2_Rel1/bin/../lib/gcc/arm-none-eabi/13.2.1/thumb/v6-m/nofp\libg.a(libc_a-calloc.o) (_calloc_r)
C:/Users/Bobby/.pico-sdk/toolchain/13_2_Rel1/bin/../lib/gcc/arm-none-eabi/13.2.1/thumb/v6-m/nofp\libg.a(libc_a-malloc.o)
                              CMakeFiles/eeprom_programmer.dir/C_/Users/Bobby/.pico-sdk/sdk/2.0.0/src/rp2_common/pico_malloc/malloc.c.obj (malloc)
C:/Users/Bobby/.pico-sdk/toolchain/13_2_Rel1/bin/../lib/gcc/arm-none-eabi/13.2.1/thumb/v6-m/nofp\libg.a(libc_a-mallocr.o)
                              C:/Users/Bobby/.pico-sdk/toolchain/13_2_Rel1/bin/../lib/gcc/arm-none-eabi/13.2.1/thumb/v6-m/nofp\libg.a(libc_a-callocr.o) (_malloc_r)
C:/Users/Bobby/.pico-sdk/toolchain/13_2_Rel1/bin/../lib/gcc/arm-none-eabi/13.2.1/thumb/v6-m/nofp\libg.a(libc_a-mlock.o)
                              C:/Users/Bobby/.pico-sdk/toolchain/13_2_Rel1/bin/../lib/gcc/arm-none-eabi/13.2.1/thumb/v6-m/nofp\libg.a(libc_a-mallocr.o) (__malloc_lock)
C:/Users/Bobby/.pico-sdk/toolchain/13_2_Rel1/bin/../lib/gcc/arm-none-eabi/13.2.1/thumb/v6-m/nofp\libg.a(libc_a-realloc.o)
                              CMakeFiles/eeprom_programmer.dir/C_/Users/Bobby/.pico-sdk/sdk/2.0.0/src/rp2_common/pico_malloc/malloc.c.obj (realloc)
C:/Users/Bobby/.pico-sdk/toolchain/13_2_Rel1/bin/../lib/gcc/arm-none-eabi/13.2.1/thumb/v6-m/nofp\libg.a(libc_a-reallocr.o)
                              C:/Users/Bobby/.pico-sdk/toolchain/13_2_Rel1/bin/../lib/gcc/arm-none-eabi/13.2.1/thumb/v6-m/nofp\libg.a(libc_a-realloc.o) (_realloc_r)
C:/Users/Bobby/.pico-sdk/toolchain/13_2_Rel1/bin/../lib/gcc/arm-none-eabi/13.2.1/thumb/v6-m/nofp\libg.a(libc_a-fflush.o)
                              CMakeFiles/eeprom_programmer.dir/lib/no-OS-FatFS-SD-SPI-RPi-Pico/FatFs_SPI/sd_driver/demo_logging.c.obj (fflush)
C:/Users/Bobby/.pico-sdk/toolchain/13_2_Rel1/bin/../lib/gcc/arm-none-eabi/13.2.1/thumb/v6-m/nofp\libg.a(libc_a-findfp.o)
                              C:/Users/Bobby/.pico-sdk/toolchain/13_2_Rel1/bin/../lib/gcc/arm-none-eabi/13.2.1/thumb/v6-m/nofp\libg.a(libc_a-fflush.o) (__sglue)
C:/Users/Bobby/.pico-sdk/toolchain/13_2_Rel1/bin/../lib/gcc/arm-none-eabi/13.2.1/thumb/v6-m/nofp\libg.a(libc_a-fwalk.o)
                              C:/Users/Bobby/.pico-sdk/toolchain/13_2_Rel1/bin/../lib/gcc/arm-none-eabi/13.2.1/thumb/v6-m/nofp\libg.a(libc_a-fflush.o) (_fwalk_sglue)
C:/Users/Bobby/.pico-sdk/toolchain/13_2_Rel1/bin/../lib/gcc/arm-none-eabi/13.2.1/thumb/v6-m/nofp\libg.a(libc_a-stdio.o)
                              C:/Users/Bobby/.pico-sdk/toolchain/13_2_Rel1/bin/../lib/gcc/arm-none-eabi/13.2.1/thumb/v6-m/nofp\libg.a(libc_a-findfp.o) (__sread)
C:/Users/Bobby/.pico-sdk/toolchain/13_2_Rel1/bin/../lib/gcc/arm-none-eabi/13.2.1/thumb/v6-m/nofp\libg.a(libc_a-memcmp.o)
                              CMakeFiles/eeprom_programmer.dir/C_/Users/Bobby/.pico-sdk/sdk/2.0.0/src/rp2_common/pico_atomic/atomic.c.obj (memcmp)
C:/Users/Bobby/.pico-sdk/toolchain/13_2_Rel1/bin/../lib/gcc/arm-none-eabi/13.2.1/thumb/v6-m/nofp\libg.a(libc_a-memmove.o)
                              C:/Users/Bobby/.pico-sdk/toolchain/13_2_Rel1/bin/../lib/gcc/arm-none-eabi/13.2.1/thumb/v6-m/nofp\libg.a(libc_a-reallocr.o) (memmove)
C:/Users/Bobby/.pico-sdk/toolchain/13_2_Rel1/bin/../lib/gcc/arm-none-eabi/13.2.1/thumb/v6-m/nofp\libg.a(libc_a-strchr.o)
                              CMakeFiles/eeprom_programmer.dir/lib/no-OS-FatFS-SD-SPI-RPi-Pico/FatFs_SPI/ff15/source/ff.c.obj (strchr)
C:/Users/Bobby/.pico-sdk/toolchain/13_2_Rel1/bin/../lib/gcc/arm-none-eabi/13.2.1/thumb/v6-m/nofp\libg.a(libc_a-strncpy.o)
                              CMakeFiles/eeprom_programmer.dir/lib/no-OS-FatFS-SD-SPI-RPi-Pico/FatFs_SPI/src/ff_stdio.c.obj (strncpy)
C:/Users/Bobby/.pico-sdk/toolchain/13_2_Rel1/bin/../lib/gcc/arm-none-eabi/13.2.1/thumb/v6-m/nofp\libg.a(libc_a-lcltime_r.o)
                              CMakeFiles/eeprom_programmer.dir/C_/Users/Bobby/.pico-sdk/sdk/2.0.0/src/common/pico_util/datetime.c.obj (localtime_r)
C:/Users/Bobby/.pico-sdk/toolchain/13_2_Rel1/bin/../lib/gcc/arm-none-eabi/13.2.1/thumb/v6-m/nofp\libg.a(libc_a-mktime.o)
[...]
Memory Configuration

Name             Origin             Length             Attributes
FLASH            0x10000000         0x00200000         xr
RAM              0x20000000         0x00040000         xrw
SCRATCH_X        0x20040000         0x00001000         xrw
SCRATCH_Y        0x20041000         0x00001000         xrw
*default*        0x00000000         0xffffffff

Linker script and memory map

LOAD C:/Users/Bobby/.pico-sdk/toolchain/13_2_Rel1/bin/../lib/gcc/arm-none-eabi/13.2.1/thumb/v6-m/nofp/crti.o
LOAD C:/Users/Bobby/.pico-sdk/toolchain/13_2_Rel1/bin/../lib/gcc/arm-none-eabi/13.2.1/thumb/v6-m/nofp/crtbegin.o
LOAD C:/Users/Bobby/.pico-sdk/toolchain/13_2_Rel1/bin/../lib/gcc/arm-none-eabi/13.2.1/thumb/v6-m/nofp/crt0.o

.flash_begin    0x10000000        0x0
                0x10000000                        __flash_binary_start = .

.boot2          0x10000000      0x100
                0x10000000                        __boot2_start__ = .
 *(.boot2)
 .boot2         0x10000000      0x100 C:\Users\Bobby\AppData\Local\Temp\cc6dUvtE.o
                0x10000100                        __boot2_end__ = .
                0x00000001                        ASSERT (((__boot2_end__ - __boot2_start__) == 0x100), ERROR: Pico second stage bootloader must be 256 bytes in size)

.text           0x10000100     0xf6cc
                0x10000100                        __logical_binary_start = .
 *(.vectors)
 .vectors       0x10000100       0xd4 CMakeFiles/eeprom_programmer.dir/C_/Users/Bobby/.pico-sdk/sdk/2.0.0/src/rp2_common/pico_crt0/crt0.S.obj
                0x10000100                __VECTOR_TABLE
                0x10000100                __vectors
                0x100001c0                isr_invalid
                0x100001c0                __default_isrs_start
                0x100001c2                isr_nmi
                0x100001c4                isr_hardfault
                0x100001c6                isr_svcall
                0x100001c8                isr_pendsv
                0x100001ca                isr_systick
                0x100001cc                isr_irq23
                0x100001cc                isr_irq18
                0x100001cc                isr_irq11
                0x100001cc                isr_irq28
                0x100001cc                isr_irq19
                0x100001cc                isr_irq0
                0x100001cc                isr_irq6
                0x100001cc                isr_irq5
                0x100001cc                isr_irq12
                0x100001cc                isr_irq22
                0x100001cc                isr_irq31
                0x100001cc                isr_irq17
                0x100001cc                isr_irq27
                0x100001cc                isr_irq30
                0x100001cc                isr_irq2
                0x100001cc                isr_irq10
                0x100001cc                isr_irq8
                0x100001cc                isr_irq24
                0x100001cc                isr_irq1
                0x100001cc                isr_irq7
                0x100001cc                isr_irq21
                0x100001cc                isr_irq20
                0x100001cc                isr_irq15
                0x100001cc                isr_irq25
                0x100001cc                isr_irq13
                0x100001cc                __unhandled_user_irq
                0x100001cc                isr_irq4
                0x100001cc                isr_irq16
                0x100001cc                isr_irq29
                0x100001cc                isr_irq26
                0x100001cc                __default_isrs_end
                0x100001cc                isr_irq3
                0x100001cc                isr_irq14
                0x100001cc                isr_irq9
                0x100001d2                unhandled_user_irq_num_in_r0
 *(.binary_info_header)
 .binary_info_header
                0x100001d4       0x14 CMakeFiles/eeprom_programmer.dir/C_/Users/Bobby/.pico-sdk/sdk/2.0.0/src/rp2_common/pico_crt0/crt0.S.obj
                0x100001e8                        __binary_info_header_end = .
 *(.embedded_block)
                0x100001e8                        __embedded_block_end = .
 *(.reset)
 .reset         0x100001e8       0x9c CMakeFiles/eeprom_programmer.dir/C_/Users/Bobby/.pico-sdk/sdk/2.0.0/src/rp2_common/pico_crt0/crt0.S.obj
                0x100001e8                _entry_point
 *(.init)
 .init          0x10000284        0x4 C:/Users/Bobby/.pico-sdk/toolchain/13_2_Rel1/bin/../lib/gcc/arm-none-eabi/13.2.1/thumb/v6-m/nofp/crti.o
                0x10000284                _init
 *(EXCLUDE_FILE(*libm.a: *libc.a:*lib_a-mem*.o *libgcc.a:) .text*)
 .text.register_tm_clones
                0x10000288       0x28 C:/Users/Bobby/.pico-sdk/toolchain/13_2_Rel1/bin/../lib/gcc/arm-none-eabi/13.2.1/thumb/v6-m/nofp/crtbegin.o
 .text.frame_dummy
                0x100002b0       0x24 C:/Users/Bobby/.pico-sdk/toolchain/13_2_Rel1/bin/../lib/gcc/arm-none-eabi/13.2.1/thumb/v6-m/nofp/crtbegin.o
 .text.setup    0x100002d4       0xec CMakeFiles/eeprom_programmer.dir/eeprom_programmer.c.obj
                0x100002d4                setup
 .text.shiftAddress
                0x100003c0       0x60 CMakeFiles/eeprom_programmer.dir/eeprom_programmer.c.obj
                0x100003c0                shiftAddress
 .text.setReadMode
                0x10000420       0x80 CMakeFiles/eeprom_programmer.dir/eeprom_programmer.c.obj
                0x10000420                setReadMode
 .text.write    0x100004a0      0x138 CMakeFiles/eeprom_programmer.dir/eeprom_programmer.c.obj
                0x100004a0                write
 .text.SD_init  0x100005d8       0xf0 CMakeFiles/eeprom_programmer.dir/eeprom_programmer.c.obj
                0x100005d8                SD_init
 .text.SD_mount
                0x100006c8       0xf8 CMakeFiles/eeprom_programmer.dir/eeprom_programmer.c.obj
                0x100006c8                SD_mount
 .text.handleByteMismatch
                0x100007c0      0x150 CMakeFiles/eeprom_programmer.dir/eeprom_programmer.c.obj
                0x100007c0                handleByteMismatch
 .text.EEPROM_chipErase
                0x10000910      0x18c CMakeFiles/eeprom_programmer.dir/eeprom_programmer.c.obj
                0x10000910                EEPROM_chipErase
 .text.EEPROM_WriteCurrentFile
                0x10000a9c      0x1f4 CMakeFiles/eeprom_programmer.dir/eeprom_programmer.c.obj
                0x10000a9c                EEPROM_WriteCurrentFile
 .text.EEPROM_ReadAndVerify
                0x10000c90      0x25c CMakeFiles/eeprom_programmer.dir/eeprom_programmer.c.obj
                0x10000c90                EEPROM_ReadAndVerify
 .text.EEPROM_VerifyErased
                0x10000eec      0x32c CMakeFiles/eeprom_programmer.dir/eeprom_programmer.c.obj
                0x10000eec                EEPROM_VerifyErased
 .text.startup.main
                0x10001218      0x440 CMakeFiles/eeprom_programmer.dir/eeprom_programmer.c.obj
                0x10001218                main
 .text.ssd1306_draw_char_with_font.part.0
                0x10001658      0x160 CMakeFiles/eeprom_programmer.dir/lib/ssd1306/ssd1306.c.obj
 .text.ssd1306_init
                0x100017b8      0x144 CMakeFiles/eeprom_programmer.dir/lib/ssd1306/ssd1306.c.obj
                0x100017b8                ssd1306_init
 .text.ssd1306_clear
                0x100018fc       0x10 CMakeFiles/eeprom_programmer.dir/lib/ssd1306/ssd1306.c.obj
                0x100018fc                ssd1306_clear
 .text.ssd1306_draw_string
                0x1000190c       0x68 CMakeFiles/eeprom_programmer.dir/lib/ssd1306/ssd1306.c.obj
                0x1000190c                ssd1306_draw_string
 .text.ssd1306_show
                0x10001974       0xd0 CMakeFiles/eeprom_programmer.dir/lib/ssd1306/ssd1306.c.obj
                0x10001974                ssd1306_show
 .text.sd_get_num
                0x10001a44        0x4 CMakeFiles/eeprom_programmer.dir/hw_config.c.obj
                0x10001a44                sd_get_num
 .text.sd_get_by_num
                0x10001a48       0x18 CMakeFiles/eeprom_programmer.dir/hw_config.c.obj
                0x10001a48                sd_get_by_num
 .text.spi_get_num
                0x10001a60        0x4 CMakeFiles/eeprom_programmer.dir/hw_config.c.obj
                0x10001a60                spi_get_num
 .text.spi_get_by_num
                0x10001a64       0x18 CMakeFiles/eeprom_programmer.dir/hw_config.c.obj
                0x10001a64                spi_get_by_num
 .text.gpio_set_function
                0x10001a7c       0x34 CMakeFiles/eeprom_programmer.dir/C_/Users/Bobby/.pico-sdk/sdk/2.0.0/src/rp2_common/hardware_gpio/gpio.c.obj
                0x10001a7c                gpio_set_function
 .text.gpio_set_pulls
                0x10001ab0       0x28 CMakeFiles/eeprom_programmer.dir/C_/Users/Bobby/.pico-sdk/sdk/2.0.0/src/rp2_common/hardware_gpio/gpio.c.obj
                0x10001ab0                gpio_set_pulls
 .text.gpio_set_drive_strength
                0x10001ad8       0x24 CMakeFiles/eeprom_programmer.dir/C_/Users/Bobby/.pico-sdk/sdk/2.0.0/src/rp2_common/hardware_gpio/gpio.c.obj
                0x10001ad8                gpio_set_drive_strength
 .text.gpio_init
                0x10001afc       0x40 CMakeFiles/eeprom_programmer.dir/C_/Users/Bobby/.pico-sdk/sdk/2.0.0/src/rp2_common/hardware_gpio/gpio.c.obj
                0x10001afc                gpio_init
 .text.rp2040_chip_version
                0x10001b3c        0xc CMakeFiles/eeprom_programmer.dir/C_/Users/Bobby/.pico-sdk/sdk/2.0.0/src/rp2040/pico_platform/platform.c.obj
                0x10001b3c                rp2040_chip_version
 .text.panic    0x10001b48       0x30 CMakeFiles/eeprom_programmer.dir/C_/Users/Bobby/.pico-sdk/sdk/2.0.0/src/rp2_common/pico_platform_panic/panic.c.obj
                0x10001b48                panic
 .text.hw_claim_or_assert
                0x10001b78       0x44 CMakeFiles/eeprom_programmer.dir/C_/Users/Bobby/.pico-sdk/sdk/2.0.0/src/common/hardware_claim/claim.c.obj
                0x10001b78                hw_claim_or_assert
 .text.hw_claim_unused_from_range
                0x10001bbc       0x9c CMakeFiles/eeprom_programmer.dir/C_/Users/Bobby/.pico-sdk/sdk/2.0.0/src/common/hardware_claim/claim.c.obj
                0x10001bbc                hw_claim_unused_from_range
 .text.next_striped_spin_lock_num
                0x10001c58       0x18 CMakeFiles/eeprom_programmer.dir/C_/Users/Bobby/.pico-sdk/sdk/2.0.0/src/rp2_common/hardware_sync/sync.c.obj
                0x10001c58                next_striped_spin_lock_num
 .text.spin_lock_claim_unused
                0x10001c70       0x24 CMakeFiles/eeprom_programmer.dir/C_/Users/Bobby/.pico-sdk/sdk/2.0.0/src/rp2_common/hardware_sync/sync.c.obj
                0x10001c70                spin_lock_claim_unused
 .text.spin_locks_reset
                0x10001c94       0x1c CMakeFiles/eeprom_programmer.dir/C_/Users/Bobby/.pico-sdk/sdk/2.0.0/src/rp2_common/hardware_sync_spin_lock/sync_spin_lock.c.obj
                0x10001c94                spin_locks_reset
 .text.runtime_init_per_core_irq_priorities
                0x10001cb0       0x24 CMakeFiles/eeprom_programmer.dir/C_/Users/Bobby/.pico-sdk/sdk/2.0.0/src/rp2_common/hardware_irq/irq.c.obj
                0x10001cb0                runtime_init_per_core_irq_priorities
 .text.irq_set_enabled
                0x10001cd4       0x24 CMakeFiles/eeprom_programmer.dir/C_/Users/Bobby/.pico-sdk/sdk/2.0.0/src/rp2_common/hardware_irq/irq.c.obj
                0x10001cd4                irq_set_enabled
 .text.irq_is_enabled
                0x10001cf8       0x18 CMakeFiles/eeprom_programmer.dir/C_/Users/Bobby/.pico-sdk/sdk/2.0.0/src/rp2_common/hardware_irq/irq.c.obj
                0x10001cf8                irq_is_enabled
 .text.irq_set_pending
                0x10001d10       0x10 CMakeFiles/eeprom_programmer.dir/C_/Users/Bobby/.pico-sdk/sdk/2.0.0/src/rp2_common/hardware_irq/irq.c.obj
                0x10001d10                irq_set_pending
 .text.irq_has_shared_handler
                0x10001d20       0x2c CMakeFiles/eeprom_programmer.dir/C_/Users/Bobby/.pico-sdk/sdk/2.0.0/src/rp2_common/hardware_irq/irq.c.obj
                0x10001d20                irq_has_shared_handler
 .text.irq_set_exclusive_handler
                0x10001d4c       0x54 CMakeFiles/eeprom_programmer.dir/C_/Users/Bobby/.pico-sdk/sdk/2.0.0/src/rp2_common/hardware_irq/irq.c.obj
                0x10001d4c                irq_set_exclusive_handler
 .text.irq_add_shared_handler
                0x10001da0      0x1f4 CMakeFiles/eeprom_programmer.dir/C_/Users/Bobby/.pico-sdk/sdk/2.0.0/src/rp2_common/hardware_irq/irq.c.obj
                0x10001da0                irq_add_shared_handler
 .text.irq_add_tail_to_free_list
                0x10001f94       0xb4 CMakeFiles/eeprom_programmer.dir/C_/Users/Bobby/.pico-sdk/sdk/2.0.0/src/rp2_common/hardware_irq/irq.c.obj
                0x10001f94                irq_add_tail_to_free_list
 .text.user_irq_claim_unused
                0x10002048       0x2c CMakeFiles/eeprom_programmer.dir/C_/Users/Bobby/.pico-sdk/sdk/2.0.0/src/rp2_common/hardware_irq/irq.c.obj
                0x10002048                user_irq_claim_unused
 .text.sem_init
                0x10002074       0x20 CMakeFiles/eeprom_programmer.dir/C_/Users/Bobby/.pico-sdk/sdk/2.0.0/src/common/pico_sync/sem.c.obj
                0x10002074                sem_init
 .text.lock_init
                0x10002094       0x10 CMakeFiles/eeprom_programmer.dir/C_/Users/Bobby/.pico-sdk/sdk/2.0.0/src/common/pico_sync/lock_core.c.obj
                0x10002094                lock_init
 .text.runtime_init_mutex
                0x100020a4       0x50 CMakeFiles/eeprom_programmer.dir/C_/Users/Bobby/.pico-sdk/sdk/2.0.0/src/common/pico_sync/mutex.c.obj
                0x100020a4                runtime_init_mutex
 .text.mutex_init
                0x100020f4       0x1c CMakeFiles/eeprom_programmer.dir/C_/Users/Bobby/.pico-sdk/sdk/2.0.0/src/common/pico_sync/mutex.c.obj
                0x100020f4                mutex_init
 .text.critical_section_init
                0x10002110       0x1c CMakeFiles/eeprom_programmer.dir/C_/Users/Bobby/.pico-sdk/sdk/2.0.0/src/common/pico_sync/critical_section.c.obj
                0x10002110                critical_section_init
 .text.critical_section_init_with_lock_num
                0x1000212c       0x14 CMakeFiles/eeprom_programmer.dir/C_/Users/Bobby/.pico-sdk/sdk/2.0.0/src/common/pico_sync/critical_section.c.obj
                0x1000212c                critical_section_init_with_lock_num
 .text.sleep_until_callback
                0x10002140       0x30 CMakeFiles/eeprom_programmer.dir/C_/Users/Bobby/.pico-sdk/sdk/2.0.0/src/common/pico_time/time.c.obj
 .text.alarm_pool_irq_handler
                0x10002170      0x2e4 CMakeFiles/eeprom_programmer.dir/C_/Users/Bobby/.pico-sdk/sdk/2.0.0/src/common/pico_time/time.c.obj
 .text.runtime_init_default_alarm_pool
                0x10002454       0xdc CMakeFiles/eeprom_programmer.dir/C_/Users/Bobby/.pico-sdk/sdk/2.0.0/src/common/pico_time/time.c.obj
                0x10002454                runtime_init_default_alarm_pool
 .text.alarm_pool_get_default
                0x10002530        0x8 CMakeFiles/eeprom_programmer.dir/C_/Users/Bobby/.pico-sdk/sdk/2.0.0/src/common/pico_time/time.c.obj
                0x10002530                alarm_pool_get_default
 .text.alarm_pool_add_alarm_at
                0x10002538       0xd4 CMakeFiles/eeprom_programmer.dir/C_/Users/Bobby/.pico-sdk/sdk/2.0.0/src/common/pico_time/time.c.obj
                0x10002538                alarm_pool_add_alarm_at
 .text.alarm_pool_add_alarm_at_force_in_context
                0x1000260c       0xb0 CMakeFiles/eeprom_programmer.dir/C_/Users/Bobby/.pico-sdk/sdk/2.0.0/src/common/pico_time/time.c.obj
                0x1000260c                alarm_pool_add_alarm_at_force_in_context
 .text.alarm_pool_cancel_alarm
                0x100026bc       0x74 CMakeFiles/eeprom_programmer.dir/C_/Users/Bobby/.pico-sdk/sdk/2.0.0/src/common/pico_time/time.c.obj
                0x100026bc                alarm_pool_cancel_alarm
 .text.alarm_pool_core_num
                0x10002730        0x4 CMakeFiles/eeprom_programmer.dir/C_/Users/Bobby/.pico-sdk/sdk/2.0.0/src/common/pico_time/time.c.obj
                0x10002730                alarm_pool_core_num
 .text.sleep_until
                0x10002734       0xd8 CMakeFiles/eeprom_programmer.dir/C_/Users/Bobby/.pico-sdk/sdk/2.0.0/src/common/pico_time/time.c.obj
                0x10002734                sleep_until
 .text.sleep_us
                0x1000280c       0x28 CMakeFiles/eeprom_programmer.dir/C_/Users/Bobby/.pico-sdk/sdk/2.0.0/src/common/pico_time/time.c.obj
                0x1000280c                sleep_us
 .text.sleep_ms
                0x10002834       0x38 CMakeFiles/eeprom_programmer.dir/C_/Users/Bobby/.pico-sdk/sdk/2.0.0/src/common/pico_time/time.c.obj
                0x10002834                sleep_ms
 .text.best_effort_wfe_or_timeout
                0x1000286c      0x134 CMakeFiles/eeprom_programmer.dir/C_/Users/Bobby/.pico-sdk/sdk/2.0.0/src/common/pico_time/time.c.obj
                0x1000286c                best_effort_wfe_or_timeout
 .text.timer_hardware_alarm_claim
                0x100029a0       0x14 CMakeFiles/eeprom_programmer.dir/C_/Users/Bobby/.pico-sdk/sdk/2.0.0/src/rp2_common/hardware_timer/timer.c.obj
                0x100029a0                timer_hardware_alarm_claim
 .text.timer_time_us_64
                0x100029b4       0x10 CMakeFiles/eeprom_programmer.dir/C_/Users/Bobby/.pico-sdk/sdk/2.0.0/src/rp2_common/hardware_timer/timer.c.obj
                0x100029b4                timer_time_us_64
 .text.time_us_64
                0x100029c4       0x14 CMakeFiles/eeprom_programmer.dir/C_/Users/Bobby/.pico-sdk/sdk/2.0.0/src/rp2_common/hardware_timer/timer.c.obj
                0x100029c4                time_us_64
 .text.busy_wait_us
                0x100029d8       0x68 CMakeFiles/eeprom_programmer.dir/C_/Users/Bobby/.pico-sdk/sdk/2.0.0/src/rp2_common/hardware_timer/timer.c.obj
                0x100029d8                busy_wait_us
 .text.busy_wait_until
                0x10002a40       0x20 CMakeFiles/eeprom_programmer.dir/C_/Users/Bobby/.pico-sdk/sdk/2.0.0/src/rp2_common/hardware_timer/timer.c.obj
                0x10002a40                busy_wait_until
 .text.clock_configure_int_divider
                0x10002a60       0xf4 CMakeFiles/eeprom_programmer.dir/C_/Users/Bobby/.pico-sdk/sdk/2.0.0/src/rp2_common/hardware_clocks/clocks.c.obj
                0x10002a60                clock_configure_int_divider
 .text.clock_configure_undivided
                0x10002b54       0xe8 CMakeFiles/eeprom_programmer.dir/C_/Users/Bobby/.pico-sdk/sdk/2.0.0/src/rp2_common/hardware_clocks/clocks.c.obj
                0x10002b54                clock_configure_undivided
 .text.clock_get_hz
                0x10002c3c        0xc CMakeFiles/eeprom_programmer.dir/C_/Users/Bobby/.pico-sdk/sdk/2.0.0/src/rp2_common/hardware_clocks/clocks.c.obj
                0x10002c3c                clock_get_hz
 .text.pll_init
                0x10002c48       0xa4 CMakeFiles/eeprom_programmer.dir/C_/Users/Bobby/.pico-sdk/sdk/2.0.0/src/rp2_common/hardware_pll/pll.c.obj
                0x10002c48                pll_init
 .text.watchdog_reboot
                0x10002cec       0x9c CMakeFiles/eeprom_programmer.dir/C_/Users/Bobby/.pico-sdk/sdk/2.0.0/src/rp2_common/hardware_watchdog/watchdog.c.obj
                0x10002cec                watchdog_reboot
 .text.tick_start
                0x10002d88       0x10 CMakeFiles/eeprom_programmer.dir/C_/Users/Bobby/.pico-sdk/sdk/2.0.0/src/rp2_common/hardware_ticks/ticks.c.obj
                0x10002d88                tick_start
 .text.xosc_init
                0x10002d98       0x28 CMakeFiles/eeprom_programmer.dir/C_/Users/Bobby/.pico-sdk/sdk/2.0.0/src/rp2_common/hardware_xosc/xosc.c.obj
                0x10002d98                xosc_init
 .text.first_per_core_initializer
                0x10002dc0        0x4 CMakeFiles/eeprom_programmer.dir/C_/Users/Bobby/.pico-sdk/sdk/2.0.0/src/rp2_common/pico_runtime/runtime.c.obj
 .text.hard_assertion_failure
                0x10002dc4        0xc CMakeFiles/eeprom_programmer.dir/C_/Users/Bobby/.pico-sdk/sdk/2.0.0/src/rp2_common/pico_runtime/runtime.c.obj
                0x10002dc4                hard_assertion_failure
 .text.runtime_run_initializers
                0x10002dd0       0x28 CMakeFiles/eeprom_programmer.dir/C_/Users/Bobby/.pico-sdk/sdk/2.0.0/src/rp2_common/pico_runtime/runtime.c.obj
                0x10002dd0                runtime_run_initializers
 .text.runtime_init_early_resets
                0x10002df8       0x2c CMakeFiles/eeprom_programmer.dir/C_/Users/Bobby/.pico-sdk/sdk/2.0.0/src/rp2_common/pico_runtime_init/runtime_init.c.obj
                0x10002df8                runtime_init_early_resets
 .text.runtime_init_usb_power_down
                0x10002e24       0x1c CMakeFiles/eeprom_programmer.dir/C_/Users/Bobby/.pico-sdk/sdk/2.0.0/src/rp2_common/pico_runtime_init/runtime_init.c.obj
                0x10002e24                runtime_init_usb_power_down
 .text.runtime_init_post_clock_resets
                0x10002e40       0x20 CMakeFiles/eeprom_programmer.dir/C_/Users/Bobby/.pico-sdk/sdk/2.0.0/src/rp2_common/pico_runtime_init/runtime_init.c.obj
                0x10002e40                runtime_init_post_clock_resets
 .text.runtime_init_rp2040_gpio_ie_disable
                0x10002e60       0x14 CMakeFiles/eeprom_programmer.dir/C_/Users/Bobby/.pico-sdk/sdk/2.0.0/src/rp2_common/pico_runtime_init/runtime_init.c.obj
                0x10002e60                runtime_init_rp2040_gpio_ie_disable
 .text.runtime_init_spin_locks_reset
                0x10002e74        0x8 CMakeFiles/eeprom_programmer.dir/C_/Users/Bobby/.pico-sdk/sdk/2.0.0/src/rp2_common/pico_runtime_init/runtime_init.c.obj
                0x10002e74                runtime_init_spin_locks_reset
 .text.runtime_init_install_ram_vector_table
                0x10002e7c       0x1c CMakeFiles/eeprom_programmer.dir/C_/Users/Bobby/.pico-sdk/sdk/2.0.0/src/rp2_common/pico_runtime_init/runtime_init.c.obj
                0x10002e7c                runtime_init_install_ram_vector_table
 .text.runtime_init_clocks
                0x10002e98       0xd8 CMakeFiles/eeprom_programmer.dir/C_/Users/Bobby/.pico-sdk/sdk/2.0.0/src/rp2_common/pico_runtime_init/runtime_init_clocks.c.obj
                0x10002e98                runtime_init_clocks
 .text          0x10002f70       0x10 CMakeFiles/eeprom_programmer.dir/C_/Users/Bobby/.pico-sdk/sdk/2.0.0/src/rp2_common/pico_bit_ops/bit_ops_aeabi.S.obj
 .text.rom_func_lookup
                0x10002f80       0x10 CMakeFiles/eeprom_programmer.dir/C_/Users/Bobby/.pico-sdk/sdk/2.0.0/src/rp2_common/pico_bootrom/bootrom.c.obj
                0x10002f80                rom_func_lookup
 .text.rom_data_lookup
                0x10002f90       0x10 CMakeFiles/eeprom_programmer.dir/C_/Users/Bobby/.pico-sdk/sdk/2.0.0/src/rp2_common/pico_bootrom/bootrom.c.obj
                0x10002f90                rom_data_lookup
 .text.rom_funcs_lookup
                0x10002fa0       0x44 CMakeFiles/eeprom_programmer.dir/C_/Users/Bobby/.pico-sdk/sdk/2.0.0/src/rp2_common/pico_bootrom/bootrom.c.obj
                0x10002fa0                rom_funcs_lookup
 .text.rom_reset_usb_boot
                0x10002fe4       0x20 CMakeFiles/eeprom_programmer.dir/C_/Users/Bobby/.pico-sdk/sdk/2.0.0/src/rp2_common/pico_bootrom/bootrom.c.obj
                0x10002fe4                rom_reset_usb_boot
 .text.__wrap___aeabi_idiv
                0x10003004       0x50 CMakeFiles/eeprom_programmer.dir/C_/Users/Bobby/.pico-sdk/sdk/2.0.0/src/rp2_common/pico_divider/divider_hardware.S.obj
                0x10003004                __wrap___aeabi_idivmod
                0x10003004                divmod_s32s32
                0x10003004                div_s32s32
                0x10003004                __wrap___aeabi_idiv
                0x1000300c                divmod_s32s32_unsafe
                0x10003038                divmod_s32s32_savestate
 .text.__wrap___aeabi_uidiv
                0x10003054       0x4c CMakeFiles/eeprom_programmer.dir/C_/Users/Bobby/.pico-sdk/sdk/2.0.0/src/rp2_common/pico_divider/divider_hardware.S.obj
                0x10003054                __wrap___aeabi_uidiv
                0x10003054                __wrap___aeabi_uidivmod
                0x10003054                div_u32u32
                0x10003054                divmod_u32u32
                0x1000305c                divmod_u32u32_unsafe
                0x10003084                divmod_u32u32_savestate
 .text.__wrap___aeabi_ldiv
                0x100030a0      0x424 CMakeFiles/eeprom_programmer.dir/C_/Users/Bobby/.pico-sdk/sdk/2.0.0/src/rp2_common/pico_divider/divider_hardware.S.obj
                0x100030a0                div_s64s64
                0x100030a0                divmod_s64s64
                0x100030a0                __wrap___aeabi_ldivmod
                0x100030d0                divmod_u64u64
                0x100030d0                div_u64u64
                0x100030d0                __wrap___aeabi_uldivmod
                0x100030e0                divmod_u64u64_savestate
                0x10003100                divmod_s64s64_unsafe
                0x10003188                divmod_u64u64_unsafe
 .text.__wrap___aeabi_darithmetic
                0x100034c4       0x80 CMakeFiles/eeprom_programmer.dir/C_/Users/Bobby/.pico-sdk/sdk/2.0.0/src/rp2_common/pico_double/double_aeabi_rp2040.S.obj
                0x100034c4                __wrap___aeabi_drsub
                0x100034ca                __wrap___aeabi_dsub
                0x100034dc                __wrap___aeabi_dadd
                0x100034ee                __wrap___aeabi_ddiv
                0x1000352a                __wrap___aeabi_dmul
 .text.__wrap___aeabi_cdcmple
                0x10003544       0x6c CMakeFiles/eeprom_programmer.dir/C_/Users/Bobby/.pico-sdk/sdk/2.0.0/src/rp2_common/pico_double/double_aeabi_rp2040.S.obj
                0x10003544                __wrap___aeabi_cdrcmple
                0x10003554                __wrap___aeabi_cdcmpeq
                0x10003554                __wrap___aeabi_cdcmple
 .text.__wrap___aeabi_dcmplt
                0x100035b0        0xc CMakeFiles/eeprom_programmer.dir/C_/Users/Bobby/.pico-sdk/sdk/2.0.0/src/rp2_common/pico_double/double_aeabi_rp2040.S.obj
                0x100035b0                __wrap___aeabi_dcmplt
 .text.__wrap___aeabi_dcmpge
                0x100035bc       0x10 CMakeFiles/eeprom_programmer.dir/C_/Users/Bobby/.pico-sdk/sdk/2.0.0/src/rp2_common/pico_double/double_aeabi_rp2040.S.obj
                0x100035bc                __wrap___aeabi_dcmpge
 .text.__wrap___aeabi_dcmpgt
                0x100035cc        0xa CMakeFiles/eeprom_programmer.dir/C_/Users/Bobby/.pico-sdk/sdk/2.0.0/src/rp2_common/pico_double/double_aeabi_rp2040.S.obj
                0x100035cc                __wrap___aeabi_dcmpgt
 .text.__wrap___aeabi_dcmpun
                0x100035d6       0x18 CMakeFiles/eeprom_programmer.dir/C_/Users/Bobby/.pico-sdk/sdk/2.0.0/src/rp2_common/pico_double/double_aeabi_rp2040.S.obj
                0x100035d6                __wrap___aeabi_dcmpun
 *fill*         0x100035ee        0x2 
 .text.__wrap___aeabi_i2d
                0x100035f0       0x38 CMakeFiles/eeprom_programmer.dir/C_/Users/Bobby/.pico-sdk/sdk/2.0.0/src/rp2_common/pico_double/double_aeabi_rp2040.S.obj
                0x100035f0                __wrap___aeabi_ui2d
                0x100035f8                __wrap___aeabi_i2d
 .text.__wrap___aeabi_d2iz
                0x10003628       0x48 CMakeFiles/eeprom_programmer.dir/C_/Users/Bobby/.pico-sdk/sdk/2.0.0/src/rp2_common/pico_double/double_aeabi_rp2040.S.obj
                0x10003628                double2int_z
                0x10003628                __wrap___aeabi_d2iz
 .text.__wrap___aeabi_d2uiz
                0x10003670       0x18 CMakeFiles/eeprom_programmer.dir/C_/Users/Bobby/.pico-sdk/sdk/2.0.0/src/rp2_common/pico_double/double_aeabi_rp2040.S.obj
                0x10003670                __wrap___aeabi_d2uiz
                0x10003670                double2uint
 .text.__aeabi_double_init
                0x10003688       0xa4 CMakeFiles/eeprom_programmer.dir/C_/Users/Bobby/.pico-sdk/sdk/2.0.0/src/rp2_common/pico_double/double_init_rom_rp2040.c.obj
                0x10003688                __aeabi_double_init
 .text.double_table_shim_on_use_helper
                0x1000372c       0x2c CMakeFiles/eeprom_programmer.dir/C_/Users/Bobby/.pico-sdk/sdk/2.0.0/src/rp2_common/pico_double/double_v1_rom_shim_rp2040.S.obj
                0x1000372c                double_table_shim_on_use_helper
 .text.__wrap___aeabi_dsub
                0x10003758       0x10 CMakeFiles/eeprom_programmer.dir/C_/Users/Bobby/.pico-sdk/sdk/2.0.0/src/rp2_common/pico_double/double_v1_rom_shim_rp2040.S.obj
                0x10003758                drsub_shim
                0x1000375e                dsub_shim
 .text.dadd_shim
                0x10003768      0x15c CMakeFiles/eeprom_programmer.dir/C_/Users/Bobby/.pico-sdk/sdk/2.0.0/src/rp2_common/pico_double/double_v1_rom_shim_rp2040.S.obj
                0x10003768                dadd_shim
 .text.dmul_shim
                0x100038c4      0x15c CMakeFiles/eeprom_programmer.dir/C_/Users/Bobby/.pico-sdk/sdk/2.0.0/src/rp2_common/pico_double/double_v1_rom_shim_rp2040.S.obj
                0x100038c4                dmul_shim
 .text.ddiv_shim
                0x10003a20      0x1b0 CMakeFiles/eeprom_programmer.dir/C_/Users/Bobby/.pico-sdk/sdk/2.0.0/src/rp2_common/pico_double/double_v1_rom_shim_rp2040.S.obj
                0x10003a20                ddiv_shim
 .text.double2uint_shim
                0x10003bd0        0xe CMakeFiles/eeprom_programmer.dir/C_/Users/Bobby/.pico-sdk/sdk/2.0.0/src/rp2_common/pico_double/double_v1_rom_shim_rp2040.S.obj
                0x10003bd0                double2uint_shim
                0x10003bd2                double2ufix_shim
 *fill*         0x10003bde        0x2 
 .text.double2uint64_shim
                0x10003be0       0x70 CMakeFiles/eeprom_programmer.dir/C_/Users/Bobby/.pico-sdk/sdk/2.0.0/src/rp2_common/pico_double/double_v1_rom_shim_rp2040.S.obj
                0x10003be0                double2uint64_shim
                0x10003be2                double2ufix64_shim
                0x10003c02                d2fix_a
 .text.dunpacks
                0x10003c50       0x3c CMakeFiles/eeprom_programmer.dir/C_/Users/Bobby/.pico-sdk/sdk/2.0.0/src/rp2_common/pico_double/double_v1_rom_shim_rp2040.S.obj
                0x10003c50                dunpacks
 .text.__aeabi_lmul
                0x10003c8c       0x32 CMakeFiles/eeprom_programmer.dir/C_/Users/Bobby/.pico-sdk/sdk/2.0.0/src/rp2_common/pico_int64_ops/pico_int64_ops_aeabi.S.obj
                0x10003c8c                __wrap___aeabi_lmul
 *fill*         0x10003cbe        0x2 
 .text.__aeabi_float_init
                0x10003cc0       0x64 CMakeFiles/eeprom_programmer.dir/C_/Users/Bobby/.pico-sdk/sdk/2.0.0/src/rp2_common/pico_float/float_init_rom_rp2040.c.obj
                0x10003cc0                __aeabi_float_init
 .text.float_table_shim_on_use_helper
                0x10003d24       0x2c CMakeFiles/eeprom_programmer.dir/C_/Users/Bobby/.pico-sdk/sdk/2.0.0/src/rp2_common/pico_float/float_v1_rom_shim_rp2040.S.obj
                0x10003d24                float_table_shim_on_use_helper
 .text.__wrap_malloc
                0x10003d50       0x24 CMakeFiles/eeprom_programmer.dir/C_/Users/Bobby/.pico-sdk/sdk/2.0.0/src/rp2_common/pico_malloc/malloc.c.obj
                0x10003d50                __wrap_malloc
 .text.__wrap_free
                0x10003d74        0x8 CMakeFiles/eeprom_programmer.dir/C_/Users/Bobby/.pico-sdk/sdk/2.0.0/src/rp2_common/pico_malloc/malloc.c.obj
                0x10003d74                __wrap_free
 .text          0x10003d7c       0x10 CMakeFiles/eeprom_programmer.dir/C_/Users/Bobby/.pico-sdk/sdk/2.0.0/src/rp2_common/pico_mem_ops/mem_ops_aeabi.S.obj
                0x10003d7c                __aeabi_mem_init
 .text.memset   0x10003d8c        0xc CMakeFiles/eeprom_programmer.dir/C_/Users/Bobby/.pico-sdk/sdk/2.0.0/src/rp2_common/pico_mem_ops/mem_ops_aeabi.S.obj
                0x10003d8c                __wrap_memset
 .text.memcpy   0x10003d98        0xc CMakeFiles/eeprom_programmer.dir/C_/Users/Bobby/.pico-sdk/sdk/2.0.0/src/rp2_common/pico_mem_ops/mem_ops_aeabi.S.obj
                0x10003d98                __wrap_memcpy
                0x10003d98                __wrap___aeabi_memcpy
 .text._out_buffer
                0x10003da4        0x8 CMakeFiles/eeprom_programmer.dir/C_/Users/Bobby/.pico-sdk/sdk/2.0.0/src/rp2_common/pico_printf/printf.c.obj
 .text._out_null
                0x10003dac        0x4 CMakeFiles/eeprom_programmer.dir/C_/Users/Bobby/.pico-sdk/sdk/2.0.0/src/rp2_common/pico_printf/printf.c.obj
 .text._out_rev
                0x10003db0       0xac CMakeFiles/eeprom_programmer.dir/C_/Users/Bobby/.pico-sdk/sdk/2.0.0/src/rp2_common/pico_printf/printf.c.obj
 .text._ntoa_format
                0x10003e5c      0x250 CMakeFiles/eeprom_programmer.dir/C_/Users/Bobby/.pico-sdk/sdk/2.0.0/src/rp2_common/pico_printf/printf.c.obj
 .text._out_char
                0x100040ac       0x10 CMakeFiles/eeprom_programmer.dir/C_/Users/Bobby/.pico-sdk/sdk/2.0.0/src/rp2_common/pico_printf/printf.c.obj
 .text._out_fct
                0x100040bc       0x10 CMakeFiles/eeprom_programmer.dir/C_/Users/Bobby/.pico-sdk/sdk/2.0.0/src/rp2_common/pico_printf/printf.c.obj
 .text._etoa    0x100040cc      0x464 CMakeFiles/eeprom_programmer.dir/C_/Users/Bobby/.pico-sdk/sdk/2.0.0/src/rp2_common/pico_printf/printf.c.obj
 .text._ftoa    0x10004530      0x3c0 CMakeFiles/eeprom_programmer.dir/C_/Users/Bobby/.pico-sdk/sdk/2.0.0/src/rp2_common/pico_printf/printf.c.obj
 .text._vsnprintf
                0x100048f0      0xbc8 CMakeFiles/eeprom_programmer.dir/C_/Users/Bobby/.pico-sdk/sdk/2.0.0/src/rp2_common/pico_printf/printf.c.obj
 .text.__wrap_sprintf
                0x100054b8       0x2c CMakeFiles/eeprom_programmer.dir/C_/Users/Bobby/.pico-sdk/sdk/2.0.0/src/rp2_common/pico_printf/printf.c.obj
                0x100054b8                __wrap_sprintf
 .text.vfctprintf
                0x100054e4       0x20 CMakeFiles/eeprom_programmer.dir/C_/Users/Bobby/.pico-sdk/sdk/2.0.0/src/rp2_common/pico_printf/printf.c.obj
                0x100054e4                vfctprintf
 .text.weak_raw_vprintf
                0x10005504       0x30 CMakeFiles/eeprom_programmer.dir/C_/Users/Bobby/.pico-sdk/sdk/2.0.0/src/rp2_common/pico_printf/printf.c.obj
                0x10005504                weak_raw_vprintf
 .text._exit    0x10005534        0x4 CMakeFiles/eeprom_programmer.dir/C_/Users/Bobby/.pico-sdk/sdk/2.0.0/src/rp2_common/pico_clib_interface/newlib_interface.c.obj
                0x10005534                _exit
 .text._sbrk    0x10005538       0x34 CMakeFiles/eeprom_programmer.dir/C_/Users/Bobby/.pico-sdk/sdk/2.0.0/src/rp2_common/pico_clib_interface/newlib_interface.c.obj
                0x10005538                _sbrk
 .text.exit     0x1000556c        0x8 CMakeFiles/eeprom_programmer.dir/C_/Users/Bobby/.pico-sdk/sdk/2.0.0/src/rp2_common/pico_clib_interface/newlib_interface.c.obj
                0x1000556c                exit
 .text.runtime_init
                0x10005574       0x2c CMakeFiles/eeprom_programmer.dir/C_/Users/Bobby/.pico-sdk/sdk/2.0.0/src/rp2_common/pico_clib_interface/newlib_interface.c.obj
                0x10005574                runtime_init
 .text.stdio_out_chars_no_crlf
                0x100055a0       0x10 CMakeFiles/eeprom_programmer.dir/C_/Users/Bobby/.pico-sdk/sdk/2.0.0/src/rp2_common/pico_stdio/stdio.c.obj
 .text.stdio_out_chars_crlf
                0x100055b0       0x94 CMakeFiles/eeprom_programmer.dir/C_/Users/Bobby/.pico-sdk/sdk/2.0.0/src/rp2_common/pico_stdio/stdio.c.obj
 .text.stdio_buffered_printer
                0x10005644       0x64 CMakeFiles/eeprom_programmer.dir/C_/Users/Bobby/.pico-sdk/sdk/2.0.0/src/rp2_common/pico_stdio/stdio.c.obj
 .text.stdio_put_string
                0x100056a8      0x100 CMakeFiles/eeprom_programmer.dir/C_/Users/Bobby/.pico-sdk/sdk/2.0.0/src/rp2_common/pico_stdio/stdio.c.obj
                0x100056a8                stdio_put_string
 .text.stdio_set_driver_enabled
                0x100057a8       0x30 CMakeFiles/eeprom_programmer.dir/C_/Users/Bobby/.pico-sdk/sdk/2.0.0/src/rp2_common/pico_stdio/stdio.c.obj
                0x100057a8                stdio_set_driver_enabled
 .text.stdio_init_all
                0x100057d8        0x8 CMakeFiles/eeprom_programmer.dir/C_/Users/Bobby/.pico-sdk/sdk/2.0.0/src/rp2_common/pico_stdio/stdio.c.obj
                0x100057d8                stdio_init_all
 .text.__wrap_getchar
                0x100057e0       0x7c CMakeFiles/eeprom_programmer.dir/C_/Users/Bobby/.pico-sdk/sdk/2.0.0/src/rp2_common/pico_stdio/stdio.c.obj
                0x100057e0                stdio_getchar
                0x100057e0                __wrap_getchar
 .text.__wrap_putchar
                0x1000585c       0x98 CMakeFiles/eeprom_programmer.dir/C_/Users/Bobby/.pico-sdk/sdk/2.0.0/src/rp2_common/pico_stdio/stdio.c.obj
                0x1000585c                __wrap_putchar
                0x1000585c                stdio_putchar
 .text.__wrap_puts
                0x100058f4       0x3c CMakeFiles/eeprom_programmer.dir/C_/Users/Bobby/.pico-sdk/sdk/2.0.0/src/rp2_common/pico_stdio/stdio.c.obj
                0x100058f4                stdio_puts
                0x100058f4                __wrap_puts
 .text.__wrap_vprintf
                0x10005930       0xd4 CMakeFiles/eeprom_programmer.dir/C_/Users/Bobby/.pico-sdk/sdk/2.0.0/src/rp2_common/pico_stdio/stdio.c.obj
                0x10005930                stdio_vprintf
                0x10005930                __wrap_vprintf
 .text.__wrap_printf
                0x10005a04       0x18 CMakeFiles/eeprom_programmer.dir/C_/Users/Bobby/.pico-sdk/sdk/2.0.0/src/rp2_common/pico_stdio/stdio.c.obj
                0x10005a04                __wrap_printf
                0x10005a04                stdio_printf
 .text.resetd_init
                0x10005a1c        0x4 CMakeFiles/eeprom_programmer.dir/C_/Users/Bobby/.pico-sdk/sdk/2.0.0/src/rp2_common/pico_stdio_usb/reset_interface.c.obj
 .text.resetd_reset
                0x10005a20        0xc CMakeFiles/eeprom_programmer.dir/C_/Users/Bobby/.pico-sdk/sdk/2.0.0/src/rp2_common/pico_stdio_usb/reset_interface.c.obj
 .text.resetd_open
                0x10005a2c       0x28 CMakeFiles/eeprom_programmer.dir/C_/Users/Bobby/.pico-sdk/sdk/2.0.0/src/rp2_common/pico_stdio_usb/reset_interface.c.obj
 .text.resetd_xfer_cb
                0x10005a54        0x4 CMakeFiles/eeprom_programmer.dir/C_/Users/Bobby/.pico-sdk/sdk/2.0.0/src/rp2_common/pico_stdio_usb/reset_interface.c.obj
 .text.resetd_control_xfer_cb
                0x10005a58       0x54 CMakeFiles/eeprom_programmer.dir/C_/Users/Bobby/.pico-sdk/sdk/2.0.0/src/rp2_common/pico_stdio_usb/reset_interface.c.obj
 .text.tud_descriptor_bos_cb
                0x10005aac        0x8 CMakeFiles/eeprom_programmer.dir/C_/Users/Bobby/.pico-sdk/sdk/2.0.0/src/rp2_common/pico_stdio_usb/reset_interface.c.obj
                0x10005aac                tud_descriptor_bos_cb
 .text.tud_vendor_control_xfer_cb
                0x10005ab4       0x34 CMakeFiles/eeprom_programmer.dir/C_/Users/Bobby/.pico-sdk/sdk/2.0.0/src/rp2_common/pico_stdio_usb/reset_interface.c.obj
                0x10005ab4                tud_vendor_control_xfer_cb
 .text.usbd_app_driver_get_cb
                0x10005ae8        0xc CMakeFiles/eeprom_programmer.dir/C_/Users/Bobby/.pico-sdk/sdk/2.0.0/src/rp2_common/pico_stdio_usb/reset_interface.c.obj
                0x10005ae8                usbd_app_driver_get_cb
 .text.tud_cdc_line_coding_cb
                0x10005af4       0x28 CMakeFiles/eeprom_programmer.dir/C_/Users/Bobby/.pico-sdk/sdk/2.0.0/src/rp2_common/pico_stdio_usb/reset_interface.c.obj
                0x10005af4                tud_cdc_line_coding_cb
 .text.stdio_usb_set_chars_available_callback
                0x10005b1c       0x14 CMakeFiles/eeprom_programmer.dir/C_/Users/Bobby/.pico-sdk/sdk/2.0.0/src/rp2_common/pico_stdio_usb/stdio_usb.c.obj
                0x10005b1c                stdio_usb_set_chars_available_callback
 .text.usb_irq  0x10005b30       0x10 CMakeFiles/eeprom_programmer.dir/C_/Users/Bobby/.pico-sdk/sdk/2.0.0/src/rp2_common/pico_stdio_usb/stdio_usb.c.obj
 .text.timer_task
                0x10005b40       0x64 CMakeFiles/eeprom_programmer.dir/C_/Users/Bobby/.pico-sdk/sdk/2.0.0/src/rp2_common/pico_stdio_usb/stdio_usb.c.obj
 .text.stdio_usb_in_chars
                0x10005ba4       0x90 CMakeFiles/eeprom_programmer.dir/C_/Users/Bobby/.pico-sdk/sdk/2.0.0/src/rp2_common/pico_stdio_usb/stdio_usb.c.obj
                0x10005ba4                stdio_usb_in_chars
 .text.stdio_usb_out_flush
                0x10005c34       0x50 CMakeFiles/eeprom_programmer.dir/C_/Users/Bobby/.pico-sdk/sdk/2.0.0/src/rp2_common/pico_stdio_usb/stdio_usb.c.obj
 .text.stdio_usb_out_chars
                0x10005c84      0x104 CMakeFiles/eeprom_programmer.dir/C_/Users/Bobby/.pico-sdk/sdk/2.0.0/src/rp2_common/pico_stdio_usb/stdio_usb.c.obj
 .text.low_priority_worker_irq
                0x10005d88       0xcc CMakeFiles/eeprom_programmer.dir/C_/Users/Bobby/.pico-sdk/sdk/2.0.0/src/rp2_common/pico_stdio_usb/stdio_usb.c.obj
 .text.stdio_usb_init
                0x10005e54       0xe8 CMakeFiles/eeprom_programmer.dir/C_/Users/Bobby/.pico-sdk/sdk/2.0.0/src/rp2_common/pico_stdio_usb/stdio_usb.c.obj
                0x10005e54                stdio_usb_init
 .text.tud_descriptor_device_cb
                0x10005f3c        0x8 CMakeFiles/eeprom_programmer.dir/C_/Users/Bobby/.pico-sdk/sdk/2.0.0/src/rp2_common/pico_stdio_usb/stdio_usb_descriptors.c.obj
                0x10005f3c                tud_descriptor_device_cb
 .text.tud_descriptor_configuration_cb
                0x10005f44        0x8 CMakeFiles/eeprom_programmer.dir/C_/Users/Bobby/.pico-sdk/sdk/2.0.0/src/rp2_common/pico_stdio_usb/stdio_usb_descriptors.c.obj
                0x10005f44                tud_descriptor_configuration_cb
 .text.tud_descriptor_string_cb
                0x10005f4c       0x78 CMakeFiles/eeprom_programmer.dir/C_/Users/Bobby/.pico-sdk/sdk/2.0.0/src/rp2_common/pico_stdio_usb/stdio_usb_descriptors.c.obj
                0x10005f4c                tud_descriptor_string_cb
 .text.startup._retrieve_unique_id_on_boot
                0x10005fc4       0x10 CMakeFiles/eeprom_programmer.dir/C_/Users/Bobby/.pico-sdk/sdk/2.0.0/src/rp2_common/pico_unique_id/unique_id.c.obj
 .text.pico_get_unique_board_id_string
                0x10005fd4      0x1a8 CMakeFiles/eeprom_programmer.dir/C_/Users/Bobby/.pico-sdk/sdk/2.0.0/src/rp2_common/pico_unique_id/unique_id.c.obj
                0x10005fd4                pico_get_unique_board_id_string
 .text.flash_get_unique_id
                0x1000617c       0x3c CMakeFiles/eeprom_programmer.dir/C_/Users/Bobby/.pico-sdk/sdk/2.0.0/src/rp2_common/hardware_flash/flash.c.obj
                0x1000617c                flash_get_unique_id
 .text.dcd_init
                0x100061b8       0x8c CMakeFiles/eeprom_programmer.dir/C_/Users/Bobby/.pico-sdk/sdk/2.0.0/lib/tinyusb/src/portable/raspberrypi/rp2040/dcd_rp2040.c.obj
                0x100061b8                dcd_init
 .text.dcd_int_enable
                0x10006244        0xc CMakeFiles/eeprom_programmer.dir/C_/Users/Bobby/.pico-sdk/sdk/2.0.0/lib/tinyusb/src/portable/raspberrypi/rp2040/dcd_rp2040.c.obj
                0x10006244                dcd_int_enable
 .text.dcd_set_address
                0x10006250       0x14 CMakeFiles/eeprom_programmer.dir/C_/Users/Bobby/.pico-sdk/sdk/2.0.0/lib/tinyusb/src/portable/raspberrypi/rp2040/dcd_rp2040.c.obj
                0x10006250                dcd_set_address
 .text.dcd_sof_enable
                0x10006264       0x1c CMakeFiles/eeprom_programmer.dir/C_/Users/Bobby/.pico-sdk/sdk/2.0.0/lib/tinyusb/src/portable/raspberrypi/rp2040/dcd_rp2040.c.obj
                0x10006264                dcd_sof_enable
 .text.dcd_edpt0_status_complete
                0x10006280       0x1c CMakeFiles/eeprom_programmer.dir/C_/Users/Bobby/.pico-sdk/sdk/2.0.0/lib/tinyusb/src/portable/raspberrypi/rp2040/dcd_rp2040.c.obj
                0x10006280                dcd_edpt0_status_complete
 .text.dcd_edpt_open
                0x1000629c      0x108 CMakeFiles/eeprom_programmer.dir/C_/Users/Bobby/.pico-sdk/sdk/2.0.0/lib/tinyusb/src/portable/raspberrypi/rp2040/dcd_rp2040.c.obj
                0x1000629c                dcd_edpt_open
 .text.dcd_edpt_close_all
                0x100063a4        0x8 CMakeFiles/eeprom_programmer.dir/C_/Users/Bobby/.pico-sdk/sdk/2.0.0/lib/tinyusb/src/portable/raspberrypi/rp2040/dcd_rp2040.c.obj
                0x100063a4                dcd_edpt_close_all
 .text.dcd_edpt_xfer
                0x100063ac       0x24 CMakeFiles/eeprom_programmer.dir/C_/Users/Bobby/.pico-sdk/sdk/2.0.0/lib/tinyusb/src/portable/raspberrypi/rp2040/dcd_rp2040.c.obj
                0x100063ac                dcd_edpt_xfer
 .text.dcd_edpt_stall
                0x100063d0       0x34 CMakeFiles/eeprom_programmer.dir/C_/Users/Bobby/.pico-sdk/sdk/2.0.0/lib/tinyusb/src/portable/raspberrypi/rp2040/dcd_rp2040.c.obj
                0x100063d0                dcd_edpt_stall
 .text.dcd_edpt_clear_stall
                0x10006404       0x30 CMakeFiles/eeprom_programmer.dir/C_/Users/Bobby/.pico-sdk/sdk/2.0.0/lib/tinyusb/src/portable/raspberrypi/rp2040/dcd_rp2040.c.obj
                0x10006404                dcd_edpt_clear_stall
 .text.rp2040_usb_init
                0x10006434       0x40 CMakeFiles/eeprom_programmer.dir/C_/Users/Bobby/.pico-sdk/sdk/2.0.0/lib/tinyusb/src/portable/raspberrypi/rp2040/rp2040_usb.c.obj
                0x10006434                rp2040_usb_init
 .text.hw_endpoint_xfer_start
                0x10006474       0x40 CMakeFiles/eeprom_programmer.dir/C_/Users/Bobby/.pico-sdk/sdk/2.0.0/lib/tinyusb/src/portable/raspberrypi/rp2040/rp2040_usb.c.obj
                0x10006474                hw_endpoint_xfer_start
 .text.tud_event_hook_cb
                0x100064b4        0x4 CMakeFiles/eeprom_programmer.dir/C_/Users/Bobby/.pico-sdk/sdk/2.0.0/lib/tinyusb/src/device/usbd.c.obj
                0x100064b4                tud_event_hook_cb
 .text.tud_sof_cb
                0x100064b8        0x4 CMakeFiles/eeprom_programmer.dir/C_/Users/Bobby/.pico-sdk/sdk/2.0.0/lib/tinyusb/src/device/usbd.c.obj
                0x100064b8                tud_sof_cb
 .text.tud_descriptor_device_qualifier_cb
                0x100064bc        0x4 CMakeFiles/eeprom_programmer.dir/C_/Users/Bobby/.pico-sdk/sdk/2.0.0/lib/tinyusb/src/device/usbd.c.obj
                0x100064bc                tud_descriptor_device_qualifier_cb
 .text.tud_descriptor_other_speed_configuration_cb
                0x100064c0        0x4 CMakeFiles/eeprom_programmer.dir/C_/Users/Bobby/.pico-sdk/sdk/2.0.0/lib/tinyusb/src/device/usbd.c.obj
                0x100064c0                tud_descriptor_other_speed_configuration_cb
 .text.tud_mount_cb
                0x100064c4        0x4 CMakeFiles/eeprom_programmer.dir/C_/Users/Bobby/.pico-sdk/sdk/2.0.0/lib/tinyusb/src/device/usbd.c.obj
                0x100064c4                tud_mount_cb
 .text.tud_umount_cb
                0x100064c8        0x4 CMakeFiles/eeprom_programmer.dir/C_/Users/Bobby/.pico-sdk/sdk/2.0.0/lib/tinyusb/src/device/usbd.c.obj
                0x100064c8                tud_umount_cb
 .text.tud_suspend_cb
                0x100064cc        0x4 CMakeFiles/eeprom_programmer.dir/C_/Users/Bobby/.pico-sdk/sdk/2.0.0/lib/tinyusb/src/device/usbd.c.obj
                0x100064cc                tud_suspend_cb
 .text.tud_resume_cb
                0x100064d0        0x4 CMakeFiles/eeprom_programmer.dir/C_/Users/Bobby/.pico-sdk/sdk/2.0.0/lib/tinyusb/src/device/usbd.c.obj
                0x100064d0                tud_resume_cb
 .text.tud_mounted
                0x100064d4       0x10 CMakeFiles/eeprom_programmer.dir/C_/Users/Bobby/.pico-sdk/sdk/2.0.0/lib/tinyusb/src/device/usbd.c.obj
                0x100064d4                tud_mounted
 .text.tud_suspended
                0x100064e4       0x10 CMakeFiles/eeprom_programmer.dir/C_/Users/Bobby/.pico-sdk/sdk/2.0.0/lib/tinyusb/src/device/usbd.c.obj
                0x100064e4                tud_suspended
 .text.tud_init
                0x100064f4       0xe4 CMakeFiles/eeprom_programmer.dir/C_/Users/Bobby/.pico-sdk/sdk/2.0.0/lib/tinyusb/src/device/usbd.c.obj
                0x100064f4                tud_init
 .text.tud_task_ext
                0x100065d8      0x800 CMakeFiles/eeprom_programmer.dir/C_/Users/Bobby/.pico-sdk/sdk/2.0.0/lib/tinyusb/src/device/usbd.c.obj
                0x100065d8                tud_task_ext
 .text.usbd_open_edpt_pair
                0x10006dd8       0x9c CMakeFiles/eeprom_programmer.dir/C_/Users/Bobby/.pico-sdk/sdk/2.0.0/lib/tinyusb/src/device/usbd.c.obj
                0x10006dd8                usbd_open_edpt_pair
 .text.usbd_edpt_open
                0x10006e74       0x34 CMakeFiles/eeprom_programmer.dir/C_/Users/Bobby/.pico-sdk/sdk/2.0.0/lib/tinyusb/src/device/usbd.c.obj
                0x10006e74                usbd_edpt_open
 .text.usbd_edpt_claim
                0x10006ea8       0x28 CMakeFiles/eeprom_programmer.dir/C_/Users/Bobby/.pico-sdk/sdk/2.0.0/lib/tinyusb/src/device/usbd.c.obj
                0x10006ea8                usbd_edpt_claim
 .text.usbd_edpt_release
                0x10006ed0       0x28 CMakeFiles/eeprom_programmer.dir/C_/Users/Bobby/.pico-sdk/sdk/2.0.0/lib/tinyusb/src/device/usbd.c.obj
                0x10006ed0                usbd_edpt_release
 .text.usbd_edpt_xfer
                0x10006ef8       0x4c CMakeFiles/eeprom_programmer.dir/C_/Users/Bobby/.pico-sdk/sdk/2.0.0/lib/tinyusb/src/device/usbd.c.obj
                0x10006ef8                usbd_edpt_xfer
 .text.tud_control_status
                0x10006f44       0x2c CMakeFiles/eeprom_programmer.dir/C_/Users/Bobby/.pico-sdk/sdk/2.0.0/lib/tinyusb/src/device/usbd_control.c.obj
                0x10006f44                tud_control_status
 .text.tud_control_xfer
                0x10006f70       0xac CMakeFiles/eeprom_programmer.dir/C_/Users/Bobby/.pico-sdk/sdk/2.0.0/lib/tinyusb/src/device/usbd_control.c.obj
                0x10006f70                tud_control_xfer
 .text.usbd_control_reset
                0x1000701c       0x14 CMakeFiles/eeprom_programmer.dir/C_/Users/Bobby/.pico-sdk/sdk/2.0.0/lib/tinyusb/src/device/usbd_control.c.obj
                0x1000701c                usbd_control_reset
 .text.usbd_control_set_complete_callback
                0x10007030        0xc CMakeFiles/eeprom_programmer.dir/C_/Users/Bobby/.pico-sdk/sdk/2.0.0/lib/tinyusb/src/device/usbd_control.c.obj
                0x10007030                usbd_control_set_complete_callback
 .text.usbd_control_set_request
                0x1000703c       0x1c CMakeFiles/eeprom_programmer.dir/C_/Users/Bobby/.pico-sdk/sdk/2.0.0/lib/tinyusb/src/device/usbd_control.c.obj
                0x1000703c                usbd_control_set_request
 .text.usbd_control_xfer_cb
                0x10007058       0xec CMakeFiles/eeprom_programmer.dir/C_/Users/Bobby/.pico-sdk/sdk/2.0.0/lib/tinyusb/src/device/usbd_control.c.obj
                0x10007058                usbd_control_xfer_cb
 .text._prep_out_transaction.isra.0
                0x10007144       0x5c CMakeFiles/eeprom_programmer.dir/C_/Users/Bobby/.pico-sdk/sdk/2.0.0/lib/tinyusb/src/class/cdc/cdc_device.c.obj
 .text.tud_cdc_n_connected
                0x100071a0       0x30 CMakeFiles/eeprom_programmer.dir/C_/Users/Bobby/.pico-sdk/sdk/2.0.0/lib/tinyusb/src/class/cdc/cdc_device.c.obj
                0x100071a0                tud_cdc_n_connected
 .text.tud_cdc_n_available
                0x100071d0       0x18 CMakeFiles/eeprom_programmer.dir/C_/Users/Bobby/.pico-sdk/sdk/2.0.0/lib/tinyusb/src/class/cdc/cdc_device.c.obj
                0x100071d0                tud_cdc_n_available
 .text.tud_cdc_n_read
                0x100071e8       0x98 CMakeFiles/eeprom_programmer.dir/C_/Users/Bobby/.pico-sdk/sdk/2.0.0/lib/tinyusb/src/class/cdc/cdc_device.c.obj
                0x100071e8                tud_cdc_n_read
 .text.tud_cdc_n_write_flush
                0x10007280       0x78 CMakeFiles/eeprom_programmer.dir/C_/Users/Bobby/.pico-sdk/sdk/2.0.0/lib/tinyusb/src/class/cdc/cdc_device.c.obj
                0x10007280                tud_cdc_n_write_flush
 .text.tud_cdc_n_write
                0x100072f8       0x40 CMakeFiles/eeprom_programmer.dir/C_/Users/Bobby/.pico-sdk/sdk/2.0.0/lib/tinyusb/src/class/cdc/cdc_device.c.obj
                0x100072f8                tud_cdc_n_write
 .text.tud_cdc_n_write_available
                0x10007338       0x18 CMakeFiles/eeprom_programmer.dir/C_/Users/Bobby/.pico-sdk/sdk/2.0.0/lib/tinyusb/src/class/cdc/cdc_device.c.obj
                0x10007338                tud_cdc_n_write_available
 .text.cdcd_init
                0x10007350       0x7c CMakeFiles/eeprom_programmer.dir/C_/Users/Bobby/.pico-sdk/sdk/2.0.0/lib/tinyusb/src/class/cdc/cdc_device.c.obj
                0x10007350                cdcd_init
 .text.cdcd_deinit
                0x100073cc       0x34 CMakeFiles/eeprom_programmer.dir/C_/Users/Bobby/.pico-sdk/sdk/2.0.0/lib/tinyusb/src/class/cdc/cdc_device.c.obj
                0x100073cc                cdcd_deinit
 .text.cdcd_reset
                0x10007400       0x4c CMakeFiles/eeprom_programmer.dir/C_/Users/Bobby/.pico-sdk/sdk/2.0.0/lib/tinyusb/src/class/cdc/cdc_device.c.obj
                0x10007400                cdcd_reset
 .text.cdcd_open
                0x1000744c       0xb0 CMakeFiles/eeprom_programmer.dir/C_/Users/Bobby/.pico-sdk/sdk/2.0.0/lib/tinyusb/src/class/cdc/cdc_device.c.obj
                0x1000744c                cdcd_open
 .text.cdcd_control_xfer_cb
                0x100074fc       0xe4 CMakeFiles/eeprom_programmer.dir/C_/Users/Bobby/.pico-sdk/sdk/2.0.0/lib/tinyusb/src/class/cdc/cdc_device.c.obj
                0x100074fc                cdcd_control_xfer_cb
 .text.cdcd_xfer_cb
                0x100075e0      0x100 CMakeFiles/eeprom_programmer.dir/C_/Users/Bobby/.pico-sdk/sdk/2.0.0/lib/tinyusb/src/class/cdc/cdc_device.c.obj
                0x100075e0                cdcd_xfer_cb
 .text.tud_vendor_n_write_flush
                0x100076e0       0x78 CMakeFiles/eeprom_programmer.dir/C_/Users/Bobby/.pico-sdk/sdk/2.0.0/lib/tinyusb/src/class/vendor/vendor_device.c.obj
                0x100076e0                tud_vendor_n_write_flush
 .text.vendord_init
                0x10007758       0x64 CMakeFiles/eeprom_programmer.dir/C_/Users/Bobby/.pico-sdk/sdk/2.0.0/lib/tinyusb/src/class/vendor/vendor_device.c.obj
                0x10007758                vendord_init
 .text.vendord_deinit
                0x100077bc       0x34 CMakeFiles/eeprom_programmer.dir/C_/Users/Bobby/.pico-sdk/sdk/2.0.0/lib/tinyusb/src/class/vendor/vendor_device.c.obj
                0x100077bc                vendord_deinit
 .text.vendord_reset
                0x100077f0       0x1c CMakeFiles/eeprom_programmer.dir/C_/Users/Bobby/.pico-sdk/sdk/2.0.0/lib/tinyusb/src/class/vendor/vendor_device.c.obj
                0x100077f0                vendord_reset
 .text.vendord_open
                0x1000780c       0xd8 CMakeFiles/eeprom_programmer.dir/C_/Users/Bobby/.pico-sdk/sdk/2.0.0/lib/tinyusb/src/class/vendor/vendor_device.c.obj
                0x1000780c                vendord_open
 .text.vendord_xfer_cb
                0x100078e4       0xc8 CMakeFiles/eeprom_programmer.dir/C_/Users/Bobby/.pico-sdk/sdk/2.0.0/lib/tinyusb/src/class/vendor/vendor_device.c.obj
                0x100078e4                vendord_xfer_cb
 .text.tusb_init
                0x100079ac        0xc CMakeFiles/eeprom_programmer.dir/C_/Users/Bobby/.pico-sdk/sdk/2.0.0/lib/tinyusb/src/tusb.c.obj
                0x100079ac                tusb_init
 .text.tu_edpt_claim
                0x100079b8       0x50 CMakeFiles/eeprom_programmer.dir/C_/Users/Bobby/.pico-sdk/sdk/2.0.0/lib/tinyusb/src/tusb.c.obj
                0x100079b8                tu_edpt_claim
 .text.tu_edpt_release
                0x10007a08       0x38 CMakeFiles/eeprom_programmer.dir/C_/Users/Bobby/.pico-sdk/sdk/2.0.0/lib/tinyusb/src/tusb.c.obj
                0x10007a08                tu_edpt_release
 .text.tu_edpt_validate
                0x10007a40       0x7c CMakeFiles/eeprom_programmer.dir/C_/Users/Bobby/.pico-sdk/sdk/2.0.0/lib/tinyusb/src/tusb.c.obj
                0x10007a40                tu_edpt_validate
 .text.tu_edpt_bind_driver
                0x10007abc       0x34 CMakeFiles/eeprom_programmer.dir/C_/Users/Bobby/.pico-sdk/sdk/2.0.0/lib/tinyusb/src/tusb.c.obj
                0x10007abc                tu_edpt_bind_driver
 .text.tu_fifo_config
                0x10007af0       0x6c CMakeFiles/eeprom_programmer.dir/C_/Users/Bobby/.pico-sdk/sdk/2.0.0/lib/tinyusb/src/common/tusb_fifo.c.obj
                0x10007af0                tu_fifo_config
 .text.tu_fifo_count
                0x10007b5c       0x2c CMakeFiles/eeprom_programmer.dir/C_/Users/Bobby/.pico-sdk/sdk/2.0.0/lib/tinyusb/src/common/tusb_fifo.c.obj
                0x10007b5c                tu_fifo_count
 .text.tu_fifo_empty
                0x10007b88       0x10 CMakeFiles/eeprom_programmer.dir/C_/Users/Bobby/.pico-sdk/sdk/2.0.0/lib/tinyusb/src/common/tusb_fifo.c.obj
                0x10007b88                tu_fifo_empty
 .text.tu_fifo_remaining
                0x10007b98       0x2c CMakeFiles/eeprom_programmer.dir/C_/Users/Bobby/.pico-sdk/sdk/2.0.0/lib/tinyusb/src/common/tusb_fifo.c.obj
                0x10007b98                tu_fifo_remaining
 .text.tu_fifo_read
                0x10007bc4       0x9c CMakeFiles/eeprom_programmer.dir/C_/Users/Bobby/.pico-sdk/sdk/2.0.0/lib/tinyusb/src/common/tusb_fifo.c.obj
                0x10007bc4                tu_fifo_read
 .text.tu_fifo_read_n
                0x10007c60       0xe8 CMakeFiles/eeprom_programmer.dir/C_/Users/Bobby/.pico-sdk/sdk/2.0.0/lib/tinyusb/src/common/tusb_fifo.c.obj
                0x10007c60                tu_fifo_read_n
 .text.tu_fifo_write
                0x10007d48       0xa8 CMakeFiles/eeprom_programmer.dir/C_/Users/Bobby/.pico-sdk/sdk/2.0.0/lib/tinyusb/src/common/tusb_fifo.c.obj
                0x10007d48                tu_fifo_write
 .text.tu_fifo_write_n
                0x10007df0      0x178 CMakeFiles/eeprom_programmer.dir/C_/Users/Bobby/.pico-sdk/sdk/2.0.0/lib/tinyusb/src/common/tusb_fifo.c.obj
                0x10007df0                tu_fifo_write_n
 .text.tu_fifo_clear
                0x10007f68       0x40 CMakeFiles/eeprom_programmer.dir/C_/Users/Bobby/.pico-sdk/sdk/2.0.0/lib/tinyusb/src/common/tusb_fifo.c.obj
                0x10007f68                tu_fifo_clear
 .text.tu_fifo_set_overwritable
                0x10007fa8       0x48 CMakeFiles/eeprom_programmer.dir/C_/Users/Bobby/.pico-sdk/sdk/2.0.0/lib/tinyusb/src/common/tusb_fifo.c.obj
                0x10007fa8                tu_fifo_set_overwritable
 .text.i2c_set_baudrate
                0x10007ff0       0xc0 CMakeFiles/eeprom_programmer.dir/C_/Users/Bobby/.pico-sdk/sdk/2.0.0/src/rp2_common/hardware_i2c/i2c.c.obj
                0x10007ff0                i2c_set_baudrate
 .text.i2c_init
                0x100080b0       0x50 CMakeFiles/eeprom_programmer.dir/C_/Users/Bobby/.pico-sdk/sdk/2.0.0/src/rp2_common/hardware_i2c/i2c.c.obj
                0x100080b0                i2c_init
 .text.i2c_write_blocking
                0x10008100       0xd0 CMakeFiles/eeprom_programmer.dir/C_/Users/Bobby/.pico-sdk/sdk/2.0.0/src/rp2_common/hardware_i2c/i2c.c.obj
                0x10008100                i2c_write_blocking
 .text.ff_memalloc
                0x100081d0        0x8 CMakeFiles/eeprom_programmer.dir/lib/no-OS-FatFS-SD-SPI-RPi-Pico/FatFs_SPI/ff15/source/ffsystem.c.obj
                0x100081d0                ff_memalloc
 .text.ff_memfree
                0x100081d8        0x8 CMakeFiles/eeprom_programmer.dir/lib/no-OS-FatFS-SD-SPI-RPi-Pico/FatFs_SPI/ff15/source/ffsystem.c.obj
                0x100081d8                ff_memfree
 .text.ff_uni2oem
                0x100081e0       0x40 CMakeFiles/eeprom_programmer.dir/lib/no-OS-FatFS-SD-SPI-RPi-Pico/FatFs_SPI/ff15/source/ffunicode.c.obj
                0x100081e0                ff_uni2oem
 .text.ff_wtoupper
                0x10008220       0xb8 CMakeFiles/eeprom_programmer.dir/lib/no-OS-FatFS-SD-SPI-RPi-Pico/FatFs_SPI/ff15/source/ffunicode.c.obj
                0x10008220                ff_wtoupper
 .text.inc_share
                0x100082d8      0x37c CMakeFiles/eeprom_programmer.dir/lib/no-OS-FatFS-SD-SPI-RPi-Pico/FatFs_SPI/ff15/source/ff.c.obj
 .text.dir_clear
                0x10008654      0x1b4 CMakeFiles/eeprom_programmer.dir/lib/no-OS-FatFS-SD-SPI-RPi-Pico/FatFs_SPI/ff15/source/ff.c.obj
 .text.init_alloc_info.isra.0
                0x10008808       0x6c CMakeFiles/eeprom_programmer.dir/lib/no-OS-FatFS-SD-SPI-RPi-Pico/FatFs_SPI/ff15/source/ff.c.obj
 .text.sync_fs  0x10008874       0xfc CMakeFiles/eeprom_programmer.dir/lib/no-OS-FatFS-SD-SPI-RPi-Pico/FatFs_SPI/ff15/source/ff.c.obj
 .text.move_window
                0x10008970       0xc8 CMakeFiles/eeprom_programmer.dir/lib/no-OS-FatFS-SD-SPI-RPi-Pico/FatFs_SPI/ff15/source/ff.c.obj
 .text.put_fat.part.0
                0x10008a38      0x160 CMakeFiles/eeprom_programmer.dir/lib/no-OS-FatFS-SD-SPI-RPi-Pico/FatFs_SPI/ff15/source/ff.c.obj
 .text.get_fat  0x10008b98      0x1b0 CMakeFiles/eeprom_programmer.dir/lib/no-OS-FatFS-SD-SPI-RPi-Pico/FatFs_SPI/ff15/source/ff.c.obj
 .text.dir_next.constprop.0
                0x10008d48       0xc4 CMakeFiles/eeprom_programmer.dir/lib/no-OS-FatFS-SD-SPI-RPi-Pico/FatFs_SPI/ff15/source/ff.c.obj
 .text.check_fs
                0x10008e0c      0x188 CMakeFiles/eeprom_programmer.dir/lib/no-OS-FatFS-SD-SPI-RPi-Pico/FatFs_SPI/ff15/source/ff.c.obj
 .text.mount_volume
                0x10008f94      0xaac CMakeFiles/eeprom_programmer.dir/lib/no-OS-FatFS-SD-SPI-RPi-Pico/FatFs_SPI/ff15/source/ff.c.obj
 .text.load_xdir
                0x10009a40      0x1c0 CMakeFiles/eeprom_programmer.dir/lib/no-OS-FatFS-SD-SPI-RPi-Pico/FatFs_SPI/ff15/source/ff.c.obj
 .text.dir_read.constprop.0
                0x10009c00      0x55c CMakeFiles/eeprom_programmer.dir/lib/no-OS-FatFS-SD-SPI-RPi-Pico/FatFs_SPI/ff15/source/ff.c.obj
 .text.dir_sdi  0x1000a15c      0x2e0 CMakeFiles/eeprom_programmer.dir/lib/no-OS-FatFS-SD-SPI-RPi-Pico/FatFs_SPI/ff15/source/ff.c.obj
 .text.store_xdir
                0x1000a43c      0x23c CMakeFiles/eeprom_programmer.dir/lib/no-OS-FatFS-SD-SPI-RPi-Pico/FatFs_SPI/ff15/source/ff.c.obj
 .text.dir_find
                0x1000a678      0x47c CMakeFiles/eeprom_programmer.dir/lib/no-OS-FatFS-SD-SPI-RPi-Pico/FatFs_SPI/ff15/source/ff.c.obj
 .text.follow_path
                0x1000aaf4      0x5b8 CMakeFiles/eeprom_programmer.dir/lib/no-OS-FatFS-SD-SPI-RPi-Pico/FatFs_SPI/ff15/source/ff.c.obj
 .text.remove_chain
                0x1000b0ac      0x3e4 CMakeFiles/eeprom_programmer.dir/lib/no-OS-FatFS-SD-SPI-RPi-Pico/FatFs_SPI/ff15/source/ff.c.obj
 .text.create_chain
                0x1000b490      0x520 CMakeFiles/eeprom_programmer.dir/lib/no-OS-FatFS-SD-SPI-RPi-Pico/FatFs_SPI/ff15/source/ff.c.obj
 .text.dir_alloc
                0x1000b9b0      0x23c CMakeFiles/eeprom_programmer.dir/lib/no-OS-FatFS-SD-SPI-RPi-Pico/FatFs_SPI/ff15/source/ff.c.obj
 .text.dir_register
                0x1000bbec      0xa48 CMakeFiles/eeprom_programmer.dir/lib/no-OS-FatFS-SD-SPI-RPi-Pico/FatFs_SPI/ff15/source/ff.c.obj
 .text.f_mount  0x1000c634      0x1c8 CMakeFiles/eeprom_programmer.dir/lib/no-OS-FatFS-SD-SPI-RPi-Pico/FatFs_SPI/ff15/source/ff.c.obj
                0x1000c634                f_mount
 .text.f_open   0x1000c7fc      0x890 CMakeFiles/eeprom_programmer.dir/lib/no-OS-FatFS-SD-SPI-RPi-Pico/FatFs_SPI/ff15/source/ff.c.obj
                0x1000c7fc                f_open
 .text.f_read   0x1000d08c      0x270 CMakeFiles/eeprom_programmer.dir/lib/no-OS-FatFS-SD-SPI-RPi-Pico/FatFs_SPI/ff15/source/ff.c.obj
                0x1000d08c                f_read
 .text.f_sync   0x1000d2fc      0x2c8 CMakeFiles/eeprom_programmer.dir/lib/no-OS-FatFS-SD-SPI-RPi-Pico/FatFs_SPI/ff15/source/ff.c.obj
                0x1000d2fc                f_sync
 .text.f_close  0x1000d5c4       0x78 CMakeFiles/eeprom_programmer.dir/lib/no-OS-FatFS-SD-SPI-RPi-Pico/FatFs_SPI/ff15/source/ff.c.obj
                0x1000d5c4                f_close
 .text.sd_spi_go_high_frequency
                0x1000d63c       0x10 CMakeFiles/eeprom_programmer.dir/lib/no-OS-FatFS-SD-SPI-RPi-Pico/FatFs_SPI/sd_driver/sd_spi.c.obj
                0x1000d63c                sd_spi_go_high_frequency
 .text.sd_spi_go_low_frequency
                0x1000d64c       0x14 CMakeFiles/eeprom_programmer.dir/lib/no-OS-FatFS-SD-SPI-RPi-Pico/FatFs_SPI/sd_driver/sd_spi.c.obj
                0x1000d64c                sd_spi_go_low_frequency
 .text.sd_spi_deselect_pulse
                0x1000d660       0x44 CMakeFiles/eeprom_programmer.dir/lib/no-OS-FatFS-SD-SPI-RPi-Pico/FatFs_SPI/sd_driver/sd_spi.c.obj
                0x1000d660                sd_spi_deselect_pulse
 .text.sd_spi_acquire
                0x1000d6a4       0x30 CMakeFiles/eeprom_programmer.dir/lib/no-OS-FatFS-SD-SPI-RPi-Pico/FatFs_SPI/sd_driver/sd_spi.c.obj
                0x1000d6a4                sd_spi_acquire
 .text.sd_spi_release
                0x1000d6d4       0x30 CMakeFiles/eeprom_programmer.dir/lib/no-OS-FatFS-SD-SPI-RPi-Pico/FatFs_SPI/sd_driver/sd_spi.c.obj
                0x1000d6d4                sd_spi_release
 .text.sd_spi_transfer
                0x1000d704        0xc CMakeFiles/eeprom_programmer.dir/lib/no-OS-FatFS-SD-SPI-RPi-Pico/FatFs_SPI/sd_driver/sd_spi.c.obj
                0x1000d704                sd_spi_transfer
 .text.sd_spi_write
                0x1000d710       0x24 CMakeFiles/eeprom_programmer.dir/lib/no-OS-FatFS-SD-SPI-RPi-Pico/FatFs_SPI/sd_driver/sd_spi.c.obj
                0x1000d710                sd_spi_write
 .text.sd_spi_send_initializing_sequence
                0x1000d734       0x7c CMakeFiles/eeprom_programmer.dir/lib/no-OS-FatFS-SD-SPI-RPi-Pico/FatFs_SPI/sd_driver/sd_spi.c.obj
                0x1000d734                sd_spi_send_initializing_sequence
 .text.spi_lock
                0x1000d7b0        0xc CMakeFiles/eeprom_programmer.dir/lib/no-OS-FatFS-SD-SPI-RPi-Pico/FatFs_SPI/sd_driver/spi.c.obj
                0x1000d7b0                spi_lock
 .text.spi_unlock
                0x1000d7bc        0xc CMakeFiles/eeprom_programmer.dir/lib/no-OS-FatFS-SD-SPI-RPi-Pico/FatFs_SPI/sd_driver/spi.c.obj
                0x1000d7bc                spi_unlock
 .text.my_spi_init
                0x1000d7c8      0x1b4 CMakeFiles/eeprom_programmer.dir/lib/no-OS-FatFS-SD-SPI-RPi-Pico/FatFs_SPI/sd_driver/spi.c.obj
                0x1000d7c8                my_spi_init
 .text.sd_test_com
                0x1000d97c      0x1cc CMakeFiles/eeprom_programmer.dir/lib/no-OS-FatFS-SD-SPI-RPi-Pico/FatFs_SPI/sd_driver/sd_card.c.obj
 .text.sd_cmd   0x1000db48      0x380 CMakeFiles/eeprom_programmer.dir/lib/no-OS-FatFS-SD-SPI-RPi-Pico/FatFs_SPI/sd_driver/sd_card.c.obj
 .text.sd_sectors_nolock
                0x1000dec8      0x17c CMakeFiles/eeprom_programmer.dir/lib/no-OS-FatFS-SD-SPI-RPi-Pico/FatFs_SPI/sd_driver/sd_card.c.obj
 .text.sd_read_blocks
                0x1000e044      0x198 CMakeFiles/eeprom_programmer.dir/lib/no-OS-FatFS-SD-SPI-RPi-Pico/FatFs_SPI/sd_driver/sd_card.c.obj
                0x1000e044                sd_read_blocks
 .text.sd_write_blocks
                0x1000e1dc      0x204 CMakeFiles/eeprom_programmer.dir/lib/no-OS-FatFS-SD-SPI-RPi-Pico/FatFs_SPI/sd_driver/sd_card.c.obj
                0x1000e1dc                sd_write_blocks
 .text.sd_init  0x1000e3e0      0x230 CMakeFiles/eeprom_programmer.dir/lib/no-OS-FatFS-SD-SPI-RPi-Pico/FatFs_SPI/sd_driver/sd_card.c.obj
 .text.sd_card_detect
                0x1000e610       0x44 CMakeFiles/eeprom_programmer.dir/lib/no-OS-FatFS-SD-SPI-RPi-Pico/FatFs_SPI/sd_driver/sd_card.c.obj
                0x1000e610                sd_card_detect
 .text.sd_sectors
                0x1000e654       0x30 CMakeFiles/eeprom_programmer.dir/lib/no-OS-FatFS-SD-SPI-RPi-Pico/FatFs_SPI/sd_driver/sd_card.c.obj
                0x1000e654                sd_sectors
 .text.sd_init_driver
                0x1000e684      0x110 CMakeFiles/eeprom_programmer.dir/lib/no-OS-FatFS-SD-SPI-RPi-Pico/FatFs_SPI/sd_driver/sd_card.c.obj
                0x1000e684                sd_init_driver
 .text.crc7     0x1000e794       0x28 CMakeFiles/eeprom_programmer.dir/lib/no-OS-FatFS-SD-SPI-RPi-Pico/FatFs_SPI/sd_driver/crc.c.obj
                0x1000e794                crc7
 .text.crc16    0x1000e7bc       0x30 CMakeFiles/eeprom_programmer.dir/lib/no-OS-FatFS-SD-SPI-RPi-Pico/FatFs_SPI/sd_driver/crc.c.obj
                0x1000e7bc                crc16
 .text.disk_status
                0x1000e7ec       0x18 CMakeFiles/eeprom_programmer.dir/lib/no-OS-FatFS-SD-SPI-RPi-Pico/FatFs_SPI/src/glue.c.obj
                0x1000e7ec                disk_status
 .text.disk_initialize
                0x1000e804       0x2c CMakeFiles/eeprom_programmer.dir/lib/no-OS-FatFS-SD-SPI-RPi-Pico/FatFs_SPI/src/glue.c.obj
                0x1000e804                disk_initialize
 .text.disk_read
                0x1000e830       0x74 CMakeFiles/eeprom_programmer.dir/lib/no-OS-FatFS-SD-SPI-RPi-Pico/FatFs_SPI/src/glue.c.obj
                0x1000e830                disk_read
 .text.disk_write
                0x1000e8a4       0x74 CMakeFiles/eeprom_programmer.dir/lib/no-OS-FatFS-SD-SPI-RPi-Pico/FatFs_SPI/src/glue.c.obj
                0x1000e8a4                disk_write
 .text.disk_ioctl
                0x1000e918       0x3c CMakeFiles/eeprom_programmer.dir/lib/no-OS-FatFS-SD-SPI-RPi-Pico/FatFs_SPI/src/glue.c.obj
                0x1000e918                disk_ioctl
 .text.get_fattime
                0x1000e954       0x6c CMakeFiles/eeprom_programmer.dir/lib/no-OS-FatFS-SD-SPI-RPi-Pico/FatFs_SPI/src/rtc.c.obj
                0x1000e954                get_fattime
 .text.spi_init
                0x1000e9c0      0x13c CMakeFiles/eeprom_programmer.dir/C_/Users/Bobby/.pico-sdk/sdk/2.0.0/src/rp2_common/hardware_spi/spi.c.obj
                0x1000e9c0                spi_init
 .text.spi_set_baudrate
                0x1000eafc       0xdc CMakeFiles/eeprom_programmer.dir/C_/Users/Bobby/.pico-sdk/sdk/2.0.0/src/rp2_common/hardware_spi/spi.c.obj
                0x1000eafc                spi_set_baudrate
 .text.dma_claim_unused_channel
                0x1000ebd8       0x24 CMakeFiles/eeprom_programmer.dir/C_/Users/Bobby/.pico-sdk/sdk/2.0.0/src/rp2_common/hardware_dma/dma.c.obj
                0x1000ebd8                dma_claim_unused_channel
 .text.rtc_get_datetime
                0x1000ebfc       0x44 CMakeFiles/eeprom_programmer.dir/C_/Users/Bobby/.pico-sdk/sdk/2.0.0/src/rp2_common/hardware_rtc/rtc.c.obj
                0x1000ebfc                rtc_get_datetime
 .text.malloc   0x1000ec40       0x14 C:/Users/Bobby/.pico-sdk/toolchain/13_2_Rel1/bin/../lib/gcc/arm-none-eabi/13.2.1/thumb/v6-m/nofp\libg.a(libc_a-malloc.o)
                0x1000ec40                malloc
 .text.free     0x1000ec54       0x14 C:/Users/Bobby/.pico-sdk/toolchain/13_2_Rel1/bin/../lib/gcc/arm-none-eabi/13.2.1/thumb/v6-m/nofp\libg.a(libc_a-malloc.o)
                0x1000ec54                free
 .text._malloc_r
                0x1000ec68      0x5c4 C:/Users/Bobby/.pico-sdk/toolchain/13_2_Rel1/bin/../lib/gcc/arm-none-eabi/13.2.1/thumb/v6-m/nofp\libg.a(libc_a-mallocr.o)
                0x1000ec68                _malloc_r
 .text.__malloc_lock
                0x1000f22c       0x10 C:/Users/Bobby/.pico-sdk/toolchain/13_2_Rel1/bin/../lib/gcc/arm-none-eabi/13.2.1/thumb/v6-m/nofp\libg.a(libc_a-mlock.o)
                0x1000f22c                __malloc_lock
 .text.__malloc_unlock
                0x1000f23c       0x10 C:/Users/Bobby/.pico-sdk/toolchain/13_2_Rel1/bin/../lib/gcc/arm-none-eabi/13.2.1/thumb/v6-m/nofp\libg.a(libc_a-mlock.o)
                0x1000f23c                __malloc_unlock
 .text.memcmp   0x1000f24c       0x48 C:/Users/Bobby/.pico-sdk/toolchain/13_2_Rel1/bin/../lib/gcc/arm-none-eabi/13.2.1/thumb/v6-m/nofp\libg.a(libc_a-memcmp.o)
                0x1000f24c                memcmp
 .text.strchr   0x1000f294       0xc4 C:/Users/Bobby/.pico-sdk/toolchain/13_2_Rel1/bin/../lib/gcc/arm-none-eabi/13.2.1/thumb/v6-m/nofp\libg.a(libc_a-strchr.o)
                0x1000f294                strchr
 .text._sbrk_r  0x1000f358       0x24 C:/Users/Bobby/.pico-sdk/toolchain/13_2_Rel1/bin/../lib/gcc/arm-none-eabi/13.2.1/thumb/v6-m/nofp\libg.a(libc_a-sbrkr.o)
                0x1000f358                _sbrk_r
 .text.__errno  0x1000f37c        0xc C:/Users/Bobby/.pico-sdk/toolchain/13_2_Rel1/bin/../lib/gcc/arm-none-eabi/13.2.1/thumb/v6-m/nofp\libg.a(libc_a-errno.o)
                0x1000f37c                __errno
 .text.__retarget_lock_acquire_recursive
                0x1000f388        0x4 C:/Users/Bobby/.pico-sdk/toolchain/13_2_Rel1/bin/../lib/gcc/arm-none-eabi/13.2.1/thumb/v6-m/nofp\libg.a(libc_a-lock.o)
                0x1000f388                __retarget_lock_acquire_recursive
 .text.__retarget_lock_release_recursive
                0x1000f38c        0x4 C:/Users/Bobby/.pico-sdk/toolchain/13_2_Rel1/bin/../lib/gcc/arm-none-eabi/13.2.1/thumb/v6-m/nofp\libg.a(libc_a-lock.o)
                0x1000f38c                __retarget_lock_release_recursive
 .text.sysconf  0x1000f390       0x1c C:/Users/Bobby/.pico-sdk/toolchain/13_2_Rel1/bin/../lib/gcc/arm-none-eabi/13.2.1/thumb/v6-m/nofp\libg.a(libc_a-sysconf.o)
                0x1000f390                sysconf
 .text.strlen   0x1000f3ac       0x5c C:/Users/Bobby/.pico-sdk/toolchain/13_2_Rel1/bin/../lib/gcc/arm-none-eabi/13.2.1/thumb/v6-m/nofp\libg.a(libc_a-strlen-stub.o)
                0x1000f3ac                strlen
 .text._malloc_trim_r
                0x1000f408       0xb4 C:/Users/Bobby/.pico-sdk/toolchain/13_2_Rel1/bin/../lib/gcc/arm-none-eabi/13.2.1/thumb/v6-m/nofp\libg.a(libc_a-freer.o)
                0x1000f408                _malloc_trim_r
 .text._free_r  0x1000f4bc      0x1d4 C:/Users/Bobby/.pico-sdk/toolchain/13_2_Rel1/bin/../lib/gcc/arm-none-eabi/13.2.1/thumb/v6-m/nofp\libg.a(libc_a-freer.o)
                0x1000f4bc                _free_r
 *(.fini)
 .fini          0x1000f690        0x4 C:/Users/Bobby/.pico-sdk/toolchain/13_2_Rel1/bin/../lib/gcc/arm-none-eabi/13.2.1/thumb/v6-m/nofp/crti.o
                0x1000f690                _fini
 *fill*         0x1000f694        0x4 
 .fini.__stub   0x1000f698       0xf0 linker stubs
 *crtbegin.o(.ctors)
 *crtbegin?.o(.ctors)
 *(EXCLUDE_FILE(*crtend.o *crtend?.o) .ctors)
 *(SORT_BY_NAME(.ctors.*))
 *(.ctors)
 *crtbegin.o(.dtors)
 *crtbegin?.o(.dtors)
 *(EXCLUDE_FILE(*crtend.o *crtend?.o) .dtors)
 *(SORT_BY_NAME(.dtors.*))
 *(.dtors)
                0x1000f788                        . = ALIGN (0x4)
                0x1000f788                        PROVIDE (__preinit_array_start = .)
 *(SORT_BY_NAME(.preinit_array.*))
 .preinit_array.00100
                0x1000f788        0x4 CMakeFiles/eeprom_programmer.dir/C_/Users/Bobby/.pico-sdk/sdk/2.0.0/src/rp2_common/pico_runtime_init/runtime_init.c.obj
                0x1000f788                __pre_init_runtime_init_early_resets
 .preinit_array.00101
                0x1000f78c        0x4 CMakeFiles/eeprom_programmer.dir/C_/Users/Bobby/.pico-sdk/sdk/2.0.0/src/rp2_common/pico_runtime_init/runtime_init.c.obj
                0x1000f78c                __pre_init_runtime_init_usb_power_down
 .preinit_array.00275
                0x1000f790        0x4 CMakeFiles/eeprom_programmer.dir/C_/Users/Bobby/.pico-sdk/sdk/2.0.0/src/rp2_common/pico_bit_ops/bit_ops_aeabi.S.obj
 .preinit_array.00300
                0x1000f794        0x4 CMakeFiles/eeprom_programmer.dir/C_/Users/Bobby/.pico-sdk/sdk/2.0.0/src/rp2_common/pico_mem_ops/mem_ops_aeabi.S.obj
 .preinit_array.00350
                0x1000f798        0x4 CMakeFiles/eeprom_programmer.dir/C_/Users/Bobby/.pico-sdk/sdk/2.0.0/src/rp2_common/pico_double/double_aeabi_rp2040.S.obj
 .preinit_array.00350
                0x1000f79c        0x4 CMakeFiles/eeprom_programmer.dir/C_/Users/Bobby/.pico-sdk/sdk/2.0.0/src/rp2_common/pico_float/float_aeabi_rp2040.S.obj
 .preinit_array.00500
                0x1000f7a0        0x4 CMakeFiles/eeprom_programmer.dir/C_/Users/Bobby/.pico-sdk/sdk/2.0.0/src/rp2_common/pico_runtime_init/runtime_init.c.obj
                0x1000f7a0                __pre_init_runtime_init_clocks
 .preinit_array.00600
                0x1000f7a4        0x4 CMakeFiles/eeprom_programmer.dir/C_/Users/Bobby/.pico-sdk/sdk/2.0.0/src/rp2_common/pico_runtime_init/runtime_init.c.obj
                0x1000f7a4                __pre_init_runtime_init_post_clock_resets
 .preinit_array.00700
                0x1000f7a8        0x4 CMakeFiles/eeprom_programmer.dir/C_/Users/Bobby/.pico-sdk/sdk/2.0.0/src/rp2_common/pico_runtime_init/runtime_init.c.obj
                0x1000f7a8                __pre_init_runtime_init_rp2040_gpio_ie_disable
 .preinit_array.01000
                0x1000f7ac        0x4 CMakeFiles/eeprom_programmer.dir/C_/Users/Bobby/.pico-sdk/sdk/2.0.0/src/rp2_common/pico_runtime_init/runtime_init.c.obj
                0x1000f7ac                __pre_init_runtime_init_spin_locks_reset
 .preinit_array.01100
                0x1000f7b0        0x4 CMakeFiles/eeprom_programmer.dir/C_/Users/Bobby/.pico-sdk/sdk/2.0.0/src/common/pico_sync/mutex.c.obj
                0x1000f7b0                __pre_init_runtime_init_mutex
 .preinit_array.10080
                0x1000f7b4        0x4 CMakeFiles/eeprom_programmer.dir/C_/Users/Bobby/.pico-sdk/sdk/2.0.0/src/rp2_common/pico_runtime_init/runtime_init.c.obj
                0x1000f7b4                __pre_init_runtime_init_install_ram_vector_table
 .preinit_array.11000
                0x1000f7b8        0x4 CMakeFiles/eeprom_programmer.dir/C_/Users/Bobby/.pico-sdk/sdk/2.0.0/src/common/pico_time/time.c.obj
                0x1000f7b8                __pre_init_runtime_init_default_alarm_pool
 .preinit_array.YYYYY
                0x1000f7bc        0x4 CMakeFiles/eeprom_programmer.dir/C_/Users/Bobby/.pico-sdk/sdk/2.0.0/src/rp2_common/pico_runtime/runtime.c.obj
                0x1000f7bc                __pre_init_first_per_core_initializer
 .preinit_array.ZZZZZ.01200
                0x1000f7c0        0x4 CMakeFiles/eeprom_programmer.dir/C_/Users/Bobby/.pico-sdk/sdk/2.0.0/src/rp2_common/hardware_irq/irq.c.obj
                0x1000f7c0                __pre_init_runtime_init_per_core_irq_priorities
 *(.preinit_array)
                0x1000f7c4                        PROVIDE (__preinit_array_end = .)
                0x1000f7c4                        . = ALIGN (0x4)
                0x1000f7c4                        PROVIDE (__init_array_start = .)
 *(SORT_BY_NAME(.init_array.*))
 *(.init_array)
 .init_array    0x1000f7c4        0x4 C:/Users/Bobby/.pico-sdk/toolchain/13_2_Rel1/bin/../lib/gcc/arm-none-eabi/13.2.1/thumb/v6-m/nofp/crtbegin.o
 .init_array    0x1000f7c8        0x4 CMakeFiles/eeprom_programmer.dir/C_/Users/Bobby/.pico-sdk/sdk/2.0.0/src/rp2_common/pico_unique_id/unique_id.c.obj
                0x1000f7cc                        PROVIDE (__init_array_end = .)
                0x1000f7cc                        . = ALIGN (0x4)
                [!provide]                        PROVIDE (__fini_array_start = .)
 *(SORT_BY_NAME(.fini_array.*))
 *(.fini_array)
                [!provide]                        PROVIDE (__fini_array_end = .)
 *(.eh_frame*)
 .eh_frame      0x1000f7cc        0x0 C:/Users/Bobby/.pico-sdk/toolchain/13_2_Rel1/bin/../lib/gcc/arm-none-eabi/13.2.1/thumb/v6-m/nofp/crtbegin.o
                0x1000f7cc                        . = ALIGN (0x4)

.glue_7         0x1000f7cc        0x0
 .glue_7        0x1000f7cc        0x0 linker stubs

.glue_7t        0x1000f7cc        0x0
 .glue_7t       0x1000f7cc        0x0 linker stubs

.vfp11_veneer   0x1000f7cc        0x0
 .vfp11_veneer  0x1000f7cc        0x0 linker stubs

.v4_bx          0x1000f7cc        0x0
 .v4_bx         0x1000f7cc        0x0 linker stubs

.iplt           0x1000f7cc        0x0
 .iplt          0x1000f7cc        0x0 C:/Users/Bobby/.pico-sdk/toolchain/13_2_Rel1/bin/../lib/gcc/arm-none-eabi/13.2.1/thumb/v6-m/nofp/crtbegin.o

.rodata         0x1000f7d0     0x1448
 *(EXCLUDE_FILE(*libm.a: *libc.a:*lib_a-mem*.o *libgcc.a:) .rodata*)
 .rodata.handleErr.str1.4
                0x1000f7d0      0x556 CMakeFiles/eeprom_programmer.dir/eeprom_programmer.c.obj
                                 0x36 (size before relaxing)
 .rodata.SD_init.str1.4
                0x1000fd26       0x69 CMakeFiles/eeprom_programmer.dir/eeprom_programmer.c.obj
 .rodata.SD_mount.str1.4
                0x1000fd26       0x52 CMakeFiles/eeprom_programmer.dir/eeprom_programmer.c.obj
 .rodata.SD_openFile.str1.4
                0x1000fd26       0x49 CMakeFiles/eeprom_programmer.dir/eeprom_programmer.c.obj
 .rodata.SD_closeFile.str1.4
                0x1000fd26       0x51 CMakeFiles/eeprom_programmer.dir/eeprom_programmer.c.obj
 .rodata.handleByteMismatch.str1.4
                0x1000fd26       0x57 CMakeFiles/eeprom_programmer.dir/eeprom_programmer.c.obj
 .rodata.EEPROM_chipErase.str1.4
                0x1000fd26       0x56 CMakeFiles/eeprom_programmer.dir/eeprom_programmer.c.obj
 .rodata.EEPROM_WriteCurrentFile.str1.4
                0x1000fd26       0x3e CMakeFiles/eeprom_programmer.dir/eeprom_programmer.c.obj
 .rodata.EEPROM_ReadAndVerify.str1.4
                0x1000fd26       0x39 CMakeFiles/eeprom_programmer.dir/eeprom_programmer.c.obj
 .rodata.EEPROM_VerifyErased.str1.4
                0x1000fd26       0x26 CMakeFiles/eeprom_programmer.dir/eeprom_programmer.c.obj
 .rodata.main.str1.4
                0x1000fd26       0x62 CMakeFiles/eeprom_programmer.dir/eeprom_programmer.c.obj
 *fill*         0x1000fd26        0x2 
 .rodata        0x1000fd28       0xc0 CMakeFiles/eeprom_programmer.dir/eeprom_programmer.c.obj
 .rodata.ssd1306_init.str1.4
                0x1000fde8       0x3f CMakeFiles/eeprom_programmer.dir/lib/ssd1306/ssd1306.c.obj
 .rodata.ssd1306_show.str1.4
                0x1000fde8        0xd CMakeFiles/eeprom_programmer.dir/lib/ssd1306/ssd1306.c.obj
 .rodata.font_8x5
                0x1000fde8      0x1e0 CMakeFiles/eeprom_programmer.dir/lib/ssd1306/ssd1306.c.obj
                0x1000fde8                font_8x5
 .rodata.str1.4
                0x1000ffc8        0x3 CMakeFiles/eeprom_programmer.dir/hw_config.c.obj
 .rodata.panic.str1.4
                0x1000ffc8       0x12 CMakeFiles/eeprom_programmer.dir/C_/Users/Bobby/.pico-sdk/sdk/2.0.0/src/rp2_common/pico_platform_panic/panic.c.obj
 .rodata.spin_lock_claim_unused.str1.4
                0x1000ffc8       0x1b CMakeFiles/eeprom_programmer.dir/C_/Users/Bobby/.pico-sdk/sdk/2.0.0/src/rp2_common/hardware_sync/sync.c.obj
 .rodata.user_irq_claim_unused.str1.4
                0x1000ffc8       0x1b CMakeFiles/eeprom_programmer.dir/C_/Users/Bobby/.pico-sdk/sdk/2.0.0/src/rp2_common/hardware_irq/irq.c.obj
 .rodata.at_the_end_of_time
                0x1000ffc8        0x8 CMakeFiles/eeprom_programmer.dir/C_/Users/Bobby/.pico-sdk/sdk/2.0.0/src/common/pico_time/time.c.obj
                0x1000ffc8                at_the_end_of_time
 .rodata.timer_hardware_alarm_claim.str1.4
                0x1000ffd0       0x22 CMakeFiles/eeprom_programmer.dir/C_/Users/Bobby/.pico-sdk/sdk/2.0.0/src/rp2_common/hardware_timer/timer.c.obj
 .rodata.hard_assertion_failure.str1.4
                0x1000ffd0        0xc CMakeFiles/eeprom_programmer.dir/C_/Users/Bobby/.pico-sdk/sdk/2.0.0/src/rp2_common/pico_runtime/runtime.c.obj
 .rodata.__wrap_malloc.str1.4
                0x1000ffd0        0xe CMakeFiles/eeprom_programmer.dir/C_/Users/Bobby/.pico-sdk/sdk/2.0.0/src/rp2_common/pico_malloc/malloc.c.obj
 .rodata.str1.4
                0x1000ffd0       0x3c CMakeFiles/eeprom_programmer.dir/C_/Users/Bobby/.pico-sdk/sdk/2.0.0/src/rp2_common/pico_standard_binary_info/standard_binary_info.c.obj
 .rodata.__bi_84
                0x1000ffd0        0xc CMakeFiles/eeprom_programmer.dir/C_/Users/Bobby/.pico-sdk/sdk/2.0.0/src/rp2_common/pico_standard_binary_info/standard_binary_info.c.obj
 .rodata.__bi_60
                0x1000ffdc        0xc CMakeFiles/eeprom_programmer.dir/C_/Users/Bobby/.pico-sdk/sdk/2.0.0/src/rp2_common/pico_standard_binary_info/standard_binary_info.c.obj
 .rodata.__bi_54
                0x1000ffe8        0xc CMakeFiles/eeprom_programmer.dir/C_/Users/Bobby/.pico-sdk/sdk/2.0.0/src/rp2_common/pico_standard_binary_info/standard_binary_info.c.obj
 .rodata.__bi_48
                0x1000fff4        0xc CMakeFiles/eeprom_programmer.dir/C_/Users/Bobby/.pico-sdk/sdk/2.0.0/src/rp2_common/pico_standard_binary_info/standard_binary_info.c.obj
 .rodata.__bi_42
                0x10010000        0xc CMakeFiles/eeprom_programmer.dir/C_/Users/Bobby/.pico-sdk/sdk/2.0.0/src/rp2_common/pico_standard_binary_info/standard_binary_info.c.obj
 .rodata.__bi_34
                0x1001000c        0xc CMakeFiles/eeprom_programmer.dir/C_/Users/Bobby/.pico-sdk/sdk/2.0.0/src/rp2_common/pico_standard_binary_info/standard_binary_info.c.obj
 .rodata.__bi_26
                0x10010018        0xc CMakeFiles/eeprom_programmer.dir/C_/Users/Bobby/.pico-sdk/sdk/2.0.0/src/rp2_common/pico_standard_binary_info/standard_binary_info.c.obj
 .rodata._ftoa.str1.4
                0x10010024       0x15 CMakeFiles/eeprom_programmer.dir/C_/Users/Bobby/.pico-sdk/sdk/2.0.0/src/rp2_common/pico_printf/printf.c.obj
 .rodata._vsnprintf
                0x10010024      0x19c CMakeFiles/eeprom_programmer.dir/C_/Users/Bobby/.pico-sdk/sdk/2.0.0/src/rp2_common/pico_printf/printf.c.obj
 .rodata.pow10.0
                0x100101c0       0x50 CMakeFiles/eeprom_programmer.dir/C_/Users/Bobby/.pico-sdk/sdk/2.0.0/src/rp2_common/pico_printf/printf.c.obj
 .rodata.crlf_str.0
                0x10010210        0x2 CMakeFiles/eeprom_programmer.dir/C_/Users/Bobby/.pico-sdk/sdk/2.0.0/src/rp2_common/pico_stdio/stdio.c.obj
 *fill*         0x10010212        0x2 
 .rodata._resetd_driver
                0x10010214       0x20 CMakeFiles/eeprom_programmer.dir/C_/Users/Bobby/.pico-sdk/sdk/2.0.0/src/rp2_common/pico_stdio_usb/reset_interface.c.obj
 .rodata.desc_ms_os_20
                0x10010234       0xa6 CMakeFiles/eeprom_programmer.dir/C_/Users/Bobby/.pico-sdk/sdk/2.0.0/src/rp2_common/pico_stdio_usb/reset_interface.c.obj
 *fill*         0x100102da        0x2 
 .rodata.desc_bos
                0x100102dc       0x21 CMakeFiles/eeprom_programmer.dir/C_/Users/Bobby/.pico-sdk/sdk/2.0.0/src/rp2_common/pico_stdio_usb/reset_interface.c.obj
                0x100102dc                desc_bos
 .rodata.str1.4
                0x100102fd       0x13 CMakeFiles/eeprom_programmer.dir/C_/Users/Bobby/.pico-sdk/sdk/2.0.0/src/rp2_common/pico_stdio_usb/stdio_usb.c.obj
 *fill*         0x100102fd        0x3 
 .rodata.__bi_197.0
                0x10010300        0xc CMakeFiles/eeprom_programmer.dir/C_/Users/Bobby/.pico-sdk/sdk/2.0.0/src/rp2_common/pico_stdio_usb/stdio_usb.c.obj
 .rodata.str1.4
                0x1001030c       0x2a CMakeFiles/eeprom_programmer.dir/C_/Users/Bobby/.pico-sdk/sdk/2.0.0/src/rp2_common/pico_stdio_usb/stdio_usb_descriptors.c.obj
 .rodata.usbd_desc_str
                0x1001030c       0x18 CMakeFiles/eeprom_programmer.dir/C_/Users/Bobby/.pico-sdk/sdk/2.0.0/src/rp2_common/pico_stdio_usb/stdio_usb_descriptors.c.obj
 .rodata.usbd_desc_cfg
                0x10010324       0x54 CMakeFiles/eeprom_programmer.dir/C_/Users/Bobby/.pico-sdk/sdk/2.0.0/src/rp2_common/pico_stdio_usb/stdio_usb_descriptors.c.obj
 .rodata.usbd_desc_device
                0x10010378       0x12 CMakeFiles/eeprom_programmer.dir/C_/Users/Bobby/.pico-sdk/sdk/2.0.0/src/rp2_common/pico_stdio_usb/stdio_usb_descriptors.c.obj
 .rodata.str1.4
                0x1001038a       0x14 CMakeFiles/eeprom_programmer.dir/C_/Users/Bobby/.pico-sdk/sdk/2.0.0/lib/tinyusb/src/portable/raspberrypi/rp2040/dcd_rp2040.c.obj
 .rodata.str1.4
                0x1001038a       0x48 CMakeFiles/eeprom_programmer.dir/C_/Users/Bobby/.pico-sdk/sdk/2.0.0/lib/tinyusb/src/portable/raspberrypi/rp2040/rp2040_usb.c.obj
 *fill*         0x1001038a        0x2 
 .rodata.tud_task_ext
                0x1001038c       0x8c CMakeFiles/eeprom_programmer.dir/C_/Users/Bobby/.pico-sdk/sdk/2.0.0/lib/tinyusb/src/device/usbd.c.obj
 .rodata        0x10010418       0x1c CMakeFiles/eeprom_programmer.dir/C_/Users/Bobby/.pico-sdk/sdk/2.0.0/lib/tinyusb/src/device/usbd.c.obj
 .rodata._usbd_driver
                0x10010434       0x40 CMakeFiles/eeprom_programmer.dir/C_/Users/Bobby/.pico-sdk/sdk/2.0.0/lib/tinyusb/src/device/usbd.c.obj
 .rodata.ff_wtoupper
                0x10010474       0x24 CMakeFiles/eeprom_programmer.dir/lib/no-OS-FatFS-SD-SPI-RPi-Pico/FatFs_SPI/ff15/source/ffunicode.c.obj
 .rodata.cvt2.0
                0x10010498       0xbc CMakeFiles/eeprom_programmer.dir/lib/no-OS-FatFS-SD-SPI-RPi-Pico/FatFs_SPI/ff15/source/ffunicode.c.obj
 .rodata.cvt1.1
                0x10010554      0x1f2 CMakeFiles/eeprom_programmer.dir/lib/no-OS-FatFS-SD-SPI-RPi-Pico/FatFs_SPI/ff15/source/ffunicode.c.obj
 *fill*         0x10010746        0x2 
 .rodata.uc437  0x10010748      0x100 CMakeFiles/eeprom_programmer.dir/lib/no-OS-FatFS-SD-SPI-RPi-Pico/FatFs_SPI/ff15/source/ffunicode.c.obj
 .rodata.check_fs.str1.4
                0x10010848       0x15 CMakeFiles/eeprom_programmer.dir/lib/no-OS-FatFS-SD-SPI-RPi-Pico/FatFs_SPI/ff15/source/ff.c.obj
 .rodata.follow_path.str1.4
                0x10010848       0x13 CMakeFiles/eeprom_programmer.dir/lib/no-OS-FatFS-SD-SPI-RPi-Pico/FatFs_SPI/ff15/source/ff.c.obj
 .rodata.ExCvt  0x10010848       0x80 CMakeFiles/eeprom_programmer.dir/lib/no-OS-FatFS-SD-SPI-RPi-Pico/FatFs_SPI/ff15/source/ff.c.obj
 .rodata.LfnOfs
                0x100108c8        0xd CMakeFiles/eeprom_programmer.dir/lib/no-OS-FatFS-SD-SPI-RPi-Pico/FatFs_SPI/ff15/source/ff.c.obj
 *fill*         0x100108d5        0x3 
 .rodata.GUID_MS_Basic
                0x100108d8       0x10 CMakeFiles/eeprom_programmer.dir/lib/no-OS-FatFS-SD-SPI-RPi-Pico/FatFs_SPI/ff15/source/ff.c.obj
 .rodata        0x100108e8       0x2c CMakeFiles/eeprom_programmer.dir/lib/no-OS-FatFS-SD-SPI-RPi-Pico/FatFs_SPI/ff15/source/ff.c.obj
 .rodata.dummy.2
                0x10010914        0x1 CMakeFiles/eeprom_programmer.dir/lib/no-OS-FatFS-SD-SPI-RPi-Pico/FatFs_SPI/sd_driver/spi.c.obj
 .rodata.sd_init.str1.4
                0x10010915       0x16 CMakeFiles/eeprom_programmer.dir/lib/no-OS-FatFS-SD-SPI-RPi-Pico/FatFs_SPI/sd_driver/sd_card.c.obj
 *fill*         0x10010915        0x3 
 .rodata.m_Crc16Table
                0x10010918      0x200 CMakeFiles/eeprom_programmer.dir/lib/no-OS-FatFS-SD-SPI-RPi-Pico/FatFs_SPI/sd_driver/crc.c.obj
 .rodata.m_Crc7Table
                0x10010b18      0x100 CMakeFiles/eeprom_programmer.dir/lib/no-OS-FatFS-SD-SPI-RPi-Pico/FatFs_SPI/sd_driver/crc.c.obj
 .rodata.dma_claim_unused_channel.str1.4
                0x10010c18       0x1e CMakeFiles/eeprom_programmer.dir/C_/Users/Bobby/.pico-sdk/sdk/2.0.0/src/rp2_common/hardware_dma/dma.c.obj
                0x10010c38                        . = ALIGN (0x4)
 *(SORT_BY_ALIGNMENT(SORT_BY_NAME(.flashdata*)))
                0x10010c38                        . = ALIGN (0x4)

.ARM.extab
 *(.ARM.extab* .gnu.linkonce.armextab.*)
                0x10010c18                        __exidx_start = .

.ARM.exidx
 *(.ARM.exidx* .gnu.linkonce.armexidx.*)
                0x10010c18                        __exidx_end = .
                0x10010c38                        . = ALIGN (0x4)
                0x10010c18                        __binary_info_start = .

.binary_info    0x10010c18       0x20
 *(.binary_info.keep.*)
 .binary_info.keep.__bi_ptr84
                0x10010c18        0x4 CMakeFiles/eeprom_programmer.dir/C_/Users/Bobby/.pico-sdk/sdk/2.0.0/src/rp2_common/pico_standard_binary_info/standard_binary_info.c.obj
 .binary_info.keep.__bi_ptr60
                0x10010c1c        0x4 CMakeFiles/eeprom_programmer.dir/C_/Users/Bobby/.pico-sdk/sdk/2.0.0/src/rp2_common/pico_standard_binary_info/standard_binary_info.c.obj
 .binary_info.keep.__bi_ptr54
                0x10010c20        0x4 CMakeFiles/eeprom_programmer.dir/C_/Users/Bobby/.pico-sdk/sdk/2.0.0/src/rp2_common/pico_standard_binary_info/standard_binary_info.c.obj
 .binary_info.keep.__bi_ptr48
                0x10010c24        0x4 CMakeFiles/eeprom_programmer.dir/C_/Users/Bobby/.pico-sdk/sdk/2.0.0/src/rp2_common/pico_standard_binary_info/standard_binary_info.c.obj
 .binary_info.keep.__bi_ptr42
                0x10010c28        0x4 CMakeFiles/eeprom_programmer.dir/C_/Users/Bobby/.pico-sdk/sdk/2.0.0/src/rp2_common/pico_standard_binary_info/standard_binary_info.c.obj
 .binary_info.keep.__bi_ptr34
                0x10010c2c        0x4 CMakeFiles/eeprom_programmer.dir/C_/Users/Bobby/.pico-sdk/sdk/2.0.0/src/rp2_common/pico_standard_binary_info/standard_binary_info.c.obj
 .binary_info.keep.__bi_ptr26
                0x10010c30        0x4 CMakeFiles/eeprom_programmer.dir/C_/Users/Bobby/.pico-sdk/sdk/2.0.0/src/rp2_common/pico_standard_binary_info/standard_binary_info.c.obj
 *(.binary_info.*)
 .binary_info.__bi_ptr197
                0x10010c34        0x4 CMakeFiles/eeprom_programmer.dir/C_/Users/Bobby/.pico-sdk/sdk/2.0.0/src/rp2_common/pico_stdio_usb/stdio_usb.c.obj
                0x10010c38                        __binary_info_end = .

.rel.dyn        0x10010c38        0x0
 .rel.iplt      0x10010c38        0x0 C:/Users/Bobby/.pico-sdk/toolchain/13_2_Rel1/bin/../lib/gcc/arm-none-eabi/13.2.1/thumb/v6-m/nofp/crtbegin.o
                0x10010c38                        . = ALIGN (0x4)

.ram_vector_table
                0x20000000       0xc0
 *(.ram_vector_table)
 .ram_vector_table
                0x20000000       0xc0 CMakeFiles/eeprom_programmer.dir/C_/Users/Bobby/.pico-sdk/sdk/2.0.0/src/rp2_common/pico_runtime_init/runtime_init.c.obj
                0x20000000                ram_vector_table

.uninitialized_data
                0x200000c0        0x0
                0x200000c0                        . = ALIGN (0x4)
 *(.uninitialized_data*)

.data           0x200000c0     0x1b18 load address 0x10010c38
                0x200000c0                        __data_start__ = .
 *(vtable)
 *(.time_critical*)
 .time_critical.sem_acquire_timeout_ms
                0x200000c0       0x84 CMakeFiles/eeprom_programmer.dir/C_/Users/Bobby/.pico-sdk/sdk/2.0.0/src/common/pico_sync/sem.c.obj
                0x200000c0                sem_acquire_timeout_ms
 .time_critical.sem_release